Component: ARM Compiler 5.06 update 7 (build 960) Tool: armlink [4d3601]

==============================================================================

Section Cross References

    startup.o(RESET) refers to startup.o(STACK) for StackMem
    startup.o(RESET) refers to main_game.o(i.SysTick_Handler) for SysTick_Handler
    startup.o(RESET) refers to entry.o(.ARM.Collect$$$$00000000) for __main
    st7735.o(i.Output_Clear) refers to st7735.o(i.ST7735_FillScreen) for ST7735_FillScreen
    st7735.o(i.Output_Color) refers to st7735.o(i.ST7735_SetTextColor) for ST7735_SetTextColor
    st7735.o(i.Output_Init) refers to st7735.o(i.ST7735_InitR) for ST7735_InitR
    st7735.o(i.Output_Init) refers to st7735.o(i.ST7735_FillScreen) for ST7735_FillScreen
    st7735.o(i.Output_Off) refers to st7735.o(i.Output_Clear) for Output_Clear
    st7735.o(i.Output_On) refers to st7735.o(i.Output_Init) for Output_Init
    st7735.o(i.ST7735_DrawBitmap) refers to st7735.o(i.setAddrWindow) for setAddrWindow
    st7735.o(i.ST7735_DrawBitmap) refers to st7735.o(i.writedata) for writedata
    st7735.o(i.ST7735_DrawBitmap) refers to st7735.o(.data) for _width
    st7735.o(i.ST7735_DrawChar) refers to st7735.o(i.setAddrWindow) for setAddrWindow
    st7735.o(i.ST7735_DrawChar) refers to st7735.o(i.pushColor) for pushColor
    st7735.o(i.ST7735_DrawChar) refers to st7735.o(.data) for _width
    st7735.o(i.ST7735_DrawChar) refers to st7735.o(.constdata) for Font
    st7735.o(i.ST7735_DrawCharS) refers to st7735.o(i.ST7735_DrawPixel) for ST7735_DrawPixel
    st7735.o(i.ST7735_DrawCharS) refers to st7735.o(i.ST7735_FillRect) for ST7735_FillRect
    st7735.o(i.ST7735_DrawCharS) refers to st7735.o(.data) for _width
    st7735.o(i.ST7735_DrawCharS) refers to st7735.o(.constdata) for Font
    st7735.o(i.ST7735_DrawFastHLine) refers to st7735.o(i.setAddrWindow) for setAddrWindow
    st7735.o(i.ST7735_DrawFastHLine) refers to st7735.o(i.writedata) for writedata
    st7735.o(i.ST7735_DrawFastHLine) refers to st7735.o(.data) for _width
    st7735.o(i.ST7735_DrawFastVLine) refers to st7735.o(i.setAddrWindow) for setAddrWindow
    st7735.o(i.ST7735_DrawFastVLine) refers to st7735.o(i.writedata) for writedata
    st7735.o(i.ST7735_DrawFastVLine) refers to st7735.o(.data) for _width
    st7735.o(i.ST7735_DrawPixel) refers to st7735.o(i.setAddrWindow) for setAddrWindow
    st7735.o(i.ST7735_DrawPixel) refers to st7735.o(i.pushColor) for pushColor
    st7735.o(i.ST7735_DrawPixel) refers to st7735.o(.data) for _width
    st7735.o(i.ST7735_DrawString) refers to st7735.o(i.ST7735_DrawCharS) for ST7735_DrawCharS
    st7735.o(i.ST7735_FillRect) refers to st7735.o(i.setAddrWindow) for setAddrWindow
    st7735.o(i.ST7735_FillRect) refers to st7735.o(i.writedata) for writedata
    st7735.o(i.ST7735_FillRect) refers to st7735.o(.data) for _width
    st7735.o(i.ST7735_FillScreen) refers to st7735.o(i.ST7735_FillRect) for ST7735_FillRect
    st7735.o(i.ST7735_FillScreen) refers to st7735.o(.data) for _height
    st7735.o(i.ST7735_InitB) refers to st7735.o(i.commonInit) for commonInit
    st7735.o(i.ST7735_InitB) refers to st7735.o(i.ST7735_SetCursor) for ST7735_SetCursor
    st7735.o(i.ST7735_InitB) refers to st7735.o(i.ST7735_FillScreen) for ST7735_FillScreen
    st7735.o(i.ST7735_InitB) refers to st7735.o(.constdata) for Bcmd
    st7735.o(i.ST7735_InitB) refers to st7735.o(.data) for StTextColor
    st7735.o(i.ST7735_InitR) refers to st7735.o(i.commonInit) for commonInit
    st7735.o(i.ST7735_InitR) refers to st7735.o(i.commandList) for commandList
    st7735.o(i.ST7735_InitR) refers to st7735.o(i.writecommand) for writecommand
    st7735.o(i.ST7735_InitR) refers to st7735.o(i.writedata) for writedata
    st7735.o(i.ST7735_InitR) refers to st7735.o(i.ST7735_SetCursor) for ST7735_SetCursor
    st7735.o(i.ST7735_InitR) refers to st7735.o(i.ST7735_FillScreen) for ST7735_FillScreen
    st7735.o(i.ST7735_InitR) refers to st7735.o(.constdata) for Rcmd1
    st7735.o(i.ST7735_InitR) refers to st7735.o(.data) for ColStart
    st7735.o(i.ST7735_InvertDisplay) refers to st7735.o(i.writecommand) for writecommand
    st7735.o(i.ST7735_OutChar) refers to st7735.o(i.ST7735_DrawString) for ST7735_DrawString
    st7735.o(i.ST7735_OutChar) refers to st7735.o(i.ST7735_DrawCharS) for ST7735_DrawCharS
    st7735.o(i.ST7735_OutChar) refers to st7735.o(.data) for StY
    st7735.o(i.ST7735_OutString) refers to st7735.o(i.ST7735_OutChar) for ST7735_OutChar
    st7735.o(i.ST7735_OutUDec) refers to st7735.o(i.fillmessage) for fillmessage
    st7735.o(i.ST7735_OutUDec) refers to st7735.o(i.ST7735_DrawString) for ST7735_DrawString
    st7735.o(i.ST7735_OutUDec) refers to st7735.o(i.ST7735_DrawCharS) for ST7735_DrawCharS
    st7735.o(i.ST7735_OutUDec) refers to st7735.o(.data) for Messageindex
    st7735.o(i.ST7735_OutUDec) refers to st7735.o(.bss) for Message
[...]
    main_game.o(i.main) refers to adcswtrigger.o(i.ADC0_InitSWTriggerSeq3_Ch1) for ADC0_InitSWTriggerSeq3_Ch1
    main_game.o(i.main) refers to main_game.o(i.SysTick_Init) for SysTick_Init
    main_game.o(i.main) refers to menu.o(i.Menu_Clear) for Menu_Clear
    main_game.o(i.main) refers to main_game.o(i.Player_Ship_Clear) for Player_Ship_Clear
    main_game.o(i.main) refers to main_game.o(i.GameMove) for GameMove
    main_game.o(i.main) refers to main_game.o(.data) for highscore
    main_game.o(i.moveEnemys) refers to main_game.o(.bss) for Enemy
    main_game.o(i.moveEnemys) refers to main_game.o(.data) for game_status
    main_game.o(i.moveLasers) refers to main_game.o(.bss) for spaceshiplaser
    main_game.o(i.moveMissiles) refers to main_game.o(.data) for i
    main_game.o(i.moveMissiles) refers to main_game.o(.bss) for Missile
    main_game.o(i.moveSpaceShip) refers to main_game.o(i.slide_meter) for slide_meter
    main_game.o(i.moveSpaceShip) refers to main_game.o(.bss) for SpaceShip
    main_game.o(i.processbutton) refers to main_game.o(.data) for a
    main_game.o(i.slide_meter) refers to main_game.o(.data) for result
    random.o(.text) refers to random.o(DATA) for M
    display_funcs.o(i.Clear) refers to st7735.o(i.ST7735_FillRect) for ST7735_FillRect
    display_funcs.o(i.Clear2) refers to st7735.o(i.ST7735_FillRect) for ST7735_FillRect
    display_funcs.o(i.Draw_Black1_Text) refers to display_funcs.o(i.Draw_Text) for Draw_Text
    display_funcs.o(i.Draw_Black_Text) refers to st7735.o(i.ST7735_DrawCharS) for ST7735_DrawCharS
    display_funcs.o(i.Draw_Black_Text) refers to strlen.o(.text) for strlen
    display_funcs.o(i.Draw_Black_Text_Delayed_10ms) refers to st7735.o(i.ST7735_DrawCharS) for ST7735_DrawCharS
    display_funcs.o(i.Draw_Black_Text_Delayed_10ms) refers to display_funcs.o(i.Delay_10ms) for Delay_10ms
    display_funcs.o(i.Draw_Black_Text_Delayed_10ms) refers to strlen.o(.text) for strlen
    display_funcs.o(i.Draw_Black_Text_Delayed_10ms1) refers to st7735.o(i.ST7735_DrawCharS) for ST7735_DrawCharS
    display_funcs.o(i.Draw_Black_Text_Delayed_10ms1) refers to display_funcs.o(i.Delay_10ms) for Delay_10ms
    display_funcs.o(i.Draw_Black_Text_Delayed_10ms1) refers to strlen.o(.text) for strlen
    display_funcs.o(i.Draw_Text) refers to st7735.o(i.ST7735_DrawCharS) for ST7735_DrawCharS
    display_funcs.o(i.Draw_Text) refers to strlen.o(.text) for strlen
    display_funcs.o(i.Draw_Text_Colorful) refers to st7735.o(i.ST7735_DrawCharS) for ST7735_DrawCharS
    display_funcs.o(i.Draw_Text_Colorful) refers to display_funcs.o(i.Delay_10ms) for Delay_10ms
    display_funcs.o(i.Draw_Text_Colorful) refers to strlen.o(.text) for strlen
    display_funcs.o(i.Draw_Text_Colorful) refers to display_funcs.o(.data) for z
    display_funcs.o(i.Draw_Text_Delayed_10ms) refers to st7735.o(i.ST7735_DrawCharS) for ST7735_DrawCharS
    display_funcs.o(i.Draw_Text_Delayed_10ms) refers to display_funcs.o(i.Delay_10ms) for Delay_10ms
    display_funcs.o(i.Draw_Text_Delayed_10ms) refers to strlen.o(.text) for strlen
    display_funcs.o(i.Draw_White_Text) refers to display_funcs.o(i.Draw_Text) for Draw_Text
    display_funcs.o(i.Draw_White_Text_Delayed_10ms) refers to display_funcs.o(i.Draw_Text_Delayed_10ms) for Draw_Text_Delayed_10ms
    menu.o(i.GameOver_Menu) refers to strlen.o(.text) for strlen
    menu.o(i.GameOver_Menu) refers to display_funcs.o(i.Draw_Text) for Draw_Text
    menu.o(i.GameOver_Menu_Loss) refers to memcpya.o(.text) for __aeabi_memcpy4
    menu.o(i.GameOver_Menu_Loss) refers to strlen.o(.text) for strlen
    menu.o(i.GameOver_Menu_Loss) refers to display_funcs.o(i.Draw_Text) for Draw_Text
    menu.o(i.GameOver_Menu_Win) refers to memcpya.o(.text) for __aeabi_memcpy4
    menu.o(i.GameOver_Menu_Win) refers to strlen.o(.text) for strlen
    menu.o(i.GameOver_Menu_Win) refers to display_funcs.o(i.Draw_Black_Text_Delayed_10ms1) for Draw_Black_Text_Delayed_10ms1
    menu.o(i.GameOver_Menu_Win) refers to display_funcs.o(i.Draw_Text) for Draw_Text
    menu.o(i.GameOver_Menu_Win) refers to display_funcs.o(i.Draw_Black_Text_Delayed_10ms) for Draw_Black_Text_Delayed_10ms
    menu.o(i.GameOver_Menu_Win) refers to printf1.o(i.__0sprintf$1) for __2sprintf
    menu.o(i.GameOver_Menu_Win) refers to display_funcs.o(i.Delay_10ms) for Delay_10ms
    menu.o(i.GameOver_Menu_Win) refers to st7735.o(i.ST7735_FillRect) for ST7735_FillRect
    menu.o(i.GameOver_Menu_Win) refers to menu.o(.data) for done4
    menu.o(i.Menu) refers to menu.o(i.Start_Menu) for Start_Menu
    menu.o(i.Menu) refers to menu.o(i.GameOver_Menu) for GameOver_Menu
    menu.o(i.Menu_Clear) refers to display_funcs.o(i.Clear) for Clear
    menu.o(i.Start_Menu) refers to strlen.o(.text) for strlen
    menu.o(i.Start_Menu) refers to display_funcs.o(i.Draw_White_Text_Delayed_10ms) for Draw_White_Text_Delayed_10ms
    menu.o(i.Start_Menu) refers to display_funcs.o(i.Draw_Text_Colorful) for Draw_Text_Colorful
    menu.o(i.Start_Menu) refers to display_funcs.o(i.Delay_10ms) for Delay_10ms
    menu.o(i.Start_Menu) refers to st7735.o(i.ST7735_FillRect) for ST7735_FillRect
    menu.o(i.Start_Menu) refers to menu.o(.data) for done1
    menu.o(i.Start_Menu) refers to menu.o(.constdata) for .constdata
    menu.o(i.SubMenu_Clear) refers to display_funcs.o(i.Clear) for Clear
    hud.o(i.Hud_Clear_All) refers to display_funcs.o(i.Clear) for Clear
    hud.o(i.Hud_Clear_All2) refers to display_funcs.o(i.Clear2) for Clear2
    hud.o(i.Hud_Clear_Lower) refers to display_funcs.o(i.Clear) for Clear
    hud.o(i.Hud_Clear_Upper) refers to display_funcs.o(i.Clear) for Clear
    hud.o(i.Hud_Ingame) refers to hud.o(i.Hud_Menu) for Hud_Menu
    hud.o(i.Hud_Ingame) refers to printf1.o(i.__0sprintf$1) for __2sprintf
    hud.o(i.Hud_Ingame) refers to display_funcs.o(i.Draw_White_Text) for Draw_White_Text
    hud.o(i.Hud_Ingame) refers to st7735.o(i.ST7735_DrawBitmap) for ST7735_DrawBitmap
    hud.o(i.Hud_Ingame) refers to strlen.o(.text) for strlen
    hud.o(i.Hud_Ingame) refers to sprite.o(.constdata) for PlayerShip0
    hud.o(i.Hud_Menu) refers to memcpya.o(.text) for __aeabi_memcpy4
    hud.o(i.Hud_Menu) refers to strlen.o(.text) for strlen
    hud.o(i.Hud_Menu) refers to display_funcs.o(i.Draw_White_Text) for Draw_White_Text
    hud.o(i.Hud_Menu) refers to printf1.o(i.__0sprintf$1) for __2sprintf
    entry.o(.ARM.Collect$$$$00000000) refers (Special) to entry10a.o(.ARM.Collect$$$$0000000F) for __rt_final_cpp
    entry.o(.ARM.Collect$$$$00000000) refers (Special) to entry11a.o(.ARM.Collect$$$$00000011) for __rt_final_exit
    entry.o(.ARM.Collect$$$$00000000) refers (Special) to entry12b.o(.ARM.Collect$$$$0000000E) for __rt_lib_shutdown_fini
    entry.o(.ARM.Collect$$$$00000000) refers (Special) to entry7b.o(.ARM.Collect$$$$00000008) for _main_clock
    entry.o(.ARM.Collect$$$$00000000) refers (Special) to entry8b.o(.ARM.Collect$$$$0000000A) for _main_cpp_init
    entry.o(.ARM.Collect$$$$00000000) refers (Special) to entry9a.o(.ARM.Collect$$$$0000000B) for _main_init
    entry.o(.ARM.Collect$$$$00000000) refers (Special) to entry5.o(.ARM.Collect$$$$00000004) for _main_scatterload
    entry.o(.ARM.Collect$$$$00000000) refers (Special) to entry2.o(.ARM.Collect$$$$00000001) for _main_stk
    printfb.o(i.__0fprintf$bare) refers to printfb.o(i._printf_core) for _printf_core
    printfb.o(i.__0fprintf$bare) refers to st7735.o(i.fputc) for fputc
    printfb.o(i.__0printf$bare) refers to printfb.o(i._printf_core) for _printf_core
    printfb.o(i.__0printf$bare) refers to st7735.o(i.fputc) for fputc
    printfb.o(i.__0printf$bare) refers to stdout.o(.data) for __stdout
    printfb.o(i.__0snprintf$bare) refers to printfb.o(i._printf_core) for _printf_core
    printfb.o(i.__0snprintf$bare) refers to printfb.o(i._snputc) for _snputc
    printfb.o(i.__0sprintf$bare) refers to printfb.o(i._printf_core) for _printf_core
    printfb.o(i.__0sprintf$bare) refers to printfb.o(i._sputc) for _sputc
    printfb.o(i.__0vfprintf$bare) refers to printfb.o(i._printf_core) for _printf_core
    printfb.o(i.__0vfprintf$bare) refers to st7735.o(i.fputc) for fputc
    printfb.o(i.__0vprintf$bare) refers to printfb.o(i._printf_core) for _printf_core
    printfb.o(i.__0vprintf$bare) refers to st7735.o(i.fputc) for fputc
    printfb.o(i.__0vprintf$bare) refers to stdout.o(.data) for __stdout
    printfb.o(i.__0vsnprintf$bare) refers to printfb.o(i._printf_core) for _printf_core
    printfb.o(i.__0vsnprintf$bare) refers to printfb.o(i._snputc) for _snputc
    printfb.o(i.__0vsprintf$bare) refers to printfb.o(i._printf_core) for _printf_core
    printfb.o(i.__0vsprintf$bare) refers to printfb.o(i._sputc) for _sputc
    printf0.o(i.__0fprintf$0) refers to printf0.o(i._printf_core) for _printf_core
    printf0.o(i.__0fprintf$0) refers to st7735.o(i.fputc) for fputc
    printf0.o(i.__0printf$0) refers to printf0.o(i._printf_core) for _printf_core
    printf0.o(i.__0printf$0) refers to st7735.o(i.fputc) for fputc
    printf0.o(i.__0printf$0) refers to stdout.o(.data) for __stdout
    printf0.o(i.__0snprintf$0) refers to printf0.o(i._printf_core) for _printf_core
    printf0.o(i.__0snprintf$0) refers to printf0.o(i._snputc) for _snputc
    printf0.o(i.__0sprintf$0) refers to printf0.o(i._printf_core) for _printf_core
    printf0.o(i.__0sprintf$0) refers to printf0.o(i._sputc) for _sputc
    printf0.o(i.__0vfprintf$0) refers to printf0.o(i._printf_core) for _printf_core
    printf0.o(i.__0vfprintf$0) refers to st7735.o(i.fputc) for fputc
    printf0.o(i.__0vprintf$0) refers to printf0.o(i._printf_core) for _printf_core
    printf0.o(i.__0vprintf$0) refers to st7735.o(i.fputc) for fputc
    printf0.o(i.__0vprintf$0) refers to stdout.o(.data) for __stdout
    printf0.o(i.__0vsnprintf$0) refers to printf0.o(i._printf_core) for _printf_core
    printf0.o(i.__0vsnprintf$0) refers to printf0.o(i._snputc) for _snputc
    printf0.o(i.__0vsprintf$0) refers to printf0.o(i._printf_core) for _printf_core
    printf0.o(i.__0vsprintf$0) refers to printf0.o(i._sputc) for _sputc
    printf1.o(i.__0fprintf$1) refers to printf1.o(i._printf_core) for _printf_core
    printf1.o(i.__0fprintf$1) refers to st7735.o(i.fputc) for fputc
    printf1.o(i.__0printf$1) refers to printf1.o(i._printf_core) for _printf_core
    printf1.o(i.__0printf$1) refers to st7735.o(i.fputc) for fputc
    printf1.o(i.__0printf$1) refers to stdout.o(.data) for __stdout
    printf1.o(i.__0snprintf$1) refers to printf1.o(i._printf_core) for _printf_core
    printf1.o(i.__0snprintf$1) refers to printf1.o(i._snputc) for _snputc
    printf1.o(i.__0sprintf$1) refers to printf1.o(i._printf_core) for _printf_core
    printf1.o(i.__0sprintf$1) refers to printf1.o(i._sputc) for _sputc
    printf1.o(i.__0vfprintf$1) refers to printf1.o(i._printf_core) for _printf_core
    printf1.o(i.__0vfprintf$1) refers to st7735.o(i.fputc) for fputc
    printf1.o(i.__0vprintf$1) refers to printf1.o(i._printf_core) for _printf_core
    printf1.o(i.__0vprintf$1) refers to st7735.o(i.fputc) for fputc
    printf1.o(i.__0vprintf$1) refers to stdout.o(.data) for __stdout
    printf1.o(i.__0vsnprintf$1) refers to printf1.o(i._printf_core) for _printf_core
    printf1.o(i.__0vsnprintf$1) refers to printf1.o(i._snputc) for _snputc
    printf1.o(i.__0vsprintf$1) refers to printf1.o(i._printf_core) for _printf_core
    printf1.o(i.__0vsprintf$1) refers to printf1.o(i._sputc) for _sputc
    printf1.o(i._printf_core) refers to uidiv.o(.text) for __aeabi_uidivmod
    printf2.o(i.__0fprintf$2) refers to printf2.o(i._printf_core) for _printf_core
    printf2.o(i.__0fprintf$2) refers to st7735.o(i.fputc) for fputc
    printf2.o(i.__0printf$2) refers to printf2.o(i._printf_core) for _printf_core
    printf2.o(i.__0printf$2) refers to st7735.o(i.fputc) for fputc
    printf2.o(i.__0printf$2) refers to stdout.o(.data) for __stdout
    printf2.o(i.__0snprintf$2) refers to printf2.o(i._printf_core) for _printf_core
    printf2.o(i.__0snprintf$2) refers to printf2.o(i._snputc) for _snputc
    printf2.o(i.__0sprintf$2) refers to printf2.o(i._printf_core) for _printf_core
    printf2.o(i.__0sprintf$2) refers to printf2.o(i._sputc) for _sputc
    printf2.o(i.__0vfprintf$2) refers to printf2.o(i._printf_core) for _printf_core
    printf2.o(i.__0vfprintf$2) refers to st7735.o(i.fputc) for fputc
    printf2.o(i.__0vprintf$2) refers to printf2.o(i._printf_core) for _printf_core
    printf2.o(i.__0vprintf$2) refers to st7735.o(i.fputc) for fputc
    printf2.o(i.__0vprintf$2) refers to stdout.o(.data) for __stdout
    printf2.o(i.__0vsnprintf$2) refers to printf2.o(i._printf_core) for _printf_core
    printf2.o(i.__0vsnprintf$2) refers to printf2.o(i._snputc) for _snputc
    printf2.o(i.__0vsprintf$2) refers to printf2.o(i._printf_core) for _printf_core
    printf2.o(i.__0vsprintf$2) refers to printf2.o(i._sputc) for _sputc
    printf3.o(i.__0fprintf$3) refers to printf3.o(i._printf_core) for _printf_core
    printf3.o(i.__0fprintf$3) refers to st7735.o(i.fputc) for fputc
    printf3.o(i.__0printf$3) refers to printf3.o(i._printf_core) for _printf_core
    printf3.o(i.__0printf$3) refers to st7735.o(i.fputc) for fputc
    printf3.o(i.__0printf$3) refers to stdout.o(.data) for __stdout
    printf3.o(i.__0snprintf$3) refers to printf3.o(i._printf_core) for _printf_core
    printf3.o(i.__0snprintf$3) refers to printf3.o(i._snputc) for _snputc
    printf3.o(i.__0sprintf$3) refers to printf3.o(i._printf_core) for _printf_core
    printf3.o(i.__0sprintf$3) refers to printf3.o(i._sputc) for _sputc
    printf3.o(i.__0vfprintf$3) refers to printf3.o(i._printf_core) for _printf_core
    printf3.o(i.__0vfprintf$3) refers to st7735.o(i.fputc) for fputc
    printf3.o(i.__0vprintf$3) refers to printf3.o(i._printf_core) for _printf_core
    printf3.o(i.__0vprintf$3) refers to st7735.o(i.fputc) for fputc
    printf3.o(i.__0vprintf$3) refers to stdout.o(.data) for __stdout
    printf3.o(i.__0vsnprintf$3) refers to printf3.o(i._printf_core) for _printf_core
    printf3.o(i.__0vsnprintf$3) refers to printf3.o(i._snputc) for _snputc
    printf3.o(i.__0vsprintf$3) refers to printf3.o(i._printf_core) for _printf_core
    printf3.o(i.__0vsprintf$3) refers to printf3.o(i._sputc) for _sputc
    printf3.o(i._printf_core) refers to uidiv.o(.text) for __aeabi_uidivmod
    printf4.o(i.__0fprintf$4) refers to printf4.o(i._printf_core) for _printf_core
    printf4.o(i.__0fprintf$4) refers to st7735.o(i.fputc) for fputc
    printf4.o(i.__0printf$4) refers to printf4.o(i._printf_core) for _printf_core
    printf4.o(i.__0printf$4) refers to st7735.o(i.fputc) for fputc
    printf4.o(i.__0printf$4) refers to stdout.o(.data) for __stdout
    printf4.o(i.__0snprintf$4) refers to printf4.o(i._printf_core) for _printf_core
    printf4.o(i.__0snprintf$4) refers to printf4.o(i._snputc) for _snputc
    printf4.o(i.__0sprintf$4) refers to printf4.o(i._printf_core) for _printf_core
    printf4.o(i.__0sprintf$4) refers to printf4.o(i._sputc) for _sputc
    printf4.o(i.__0vfprintf$4) refers to printf4.o(i._printf_core) for _printf_core
    printf4.o(i.__0vfprintf$4) refers to st7735.o(i.fputc) for fputc
    printf4.o(i.__0vprintf$4) refers to printf4.o(i._printf_core) for _printf_core
    printf4.o(i.__0vprintf$4) refers to st7735.o(i.fputc) for fputc
    printf4.o(i.__0vprintf$4) refers to stdout.o(.data) for __stdout
    printf4.o(i.__0vsnprintf$4) refers to printf4.o(i._printf_core) for _printf_core
    printf4.o(i.__0vsnprintf$4) refers to printf4.o(i._snputc) for _snputc
    printf4.o(i.__0vsprintf$4) refers to printf4.o(i._printf_core) for _printf_core
    printf4.o(i.__0vsprintf$4) refers to printf4.o(i._sputc) for _sputc
    printf4.o(i._printf_core) refers to uldiv.o(.text) for __aeabi_uldivmod
    printf5.o(i.__0fprintf$5) refers to printf5.o(i._printf_core) for _printf_core
    printf5.o(i.__0fprintf$5) refers to st7735.o(i.fputc) for fputc
    printf5.o(i.__0printf$5) refers to printf5.o(i._printf_core) for _printf_core
    printf5.o(i.__0printf$5) refers to st7735.o(i.fputc) for fputc
    printf5.o(i.__0printf$5) refers to stdout.o(.data) for __stdout
    printf5.o(i.__0snprintf$5) refers to printf5.o(i._printf_core) for _printf_core
    printf5.o(i.__0snprintf$5) refers to printf5.o(i._snputc) for _snputc
    printf5.o(i.__0sprintf$5) refers to printf5.o(i._printf_core) for _printf_core
    printf5.o(i.__0sprintf$5) refers to printf5.o(i._sputc) for _sputc
    printf5.o(i.__0vfprintf$5) refers to printf5.o(i._printf_core) for _printf_core
    printf5.o(i.__0vfprintf$5) refers to st7735.o(i.fputc) for fputc
    printf5.o(i.__0vprintf$5) refers to printf5.o(i._printf_core) for _printf_core
    printf5.o(i.__0vprintf$5) refers to st7735.o(i.fputc) for fputc
    printf5.o(i.__0vprintf$5) refers to stdout.o(.data) for __stdout
    printf5.o(i.__0vsnprintf$5) refers to printf5.o(i._printf_core) for _printf_core
    printf5.o(i.__0vsnprintf$5) refers to printf5.o(i._snputc) for _snputc
    printf5.o(i.__0vsprintf$5) refers to printf5.o(i._printf_core) for _printf_core
    printf5.o(i.__0vsprintf$5) refers to printf5.o(i._sputc) for _sputc
    printf5.o(i._printf_core) refers to uldiv.o(.text) for __aeabi_uldivmod
    printf6.o(i.__0fprintf$6) refers to printf6.o(i._printf_core) for _printf_core
    printf6.o(i.__0fprintf$6) refers to st7735.o(i.fputc) for fputc
    printf6.o(i.__0printf$6) refers to printf6.o(i._printf_core) for _printf_core
    printf6.o(i.__0printf$6) refers to st7735.o(i.fputc) for fputc
    printf6.o(i.__0printf$6) refers to stdout.o(.data) for __stdout
    printf6.o(i.__0snprintf$6) refers to printf6.o(i._printf_core) for _printf_core
    printf6.o(i.__0snprintf$6) refers to printf6.o(i._snputc) for _snputc
    printf6.o(i.__0sprintf$6) refers to printf6.o(i._printf_core) for _printf_core
    printf6.o(i.__0sprintf$6) refers to printf6.o(i._sputc) for _sputc
    printf6.o(i.__0vfprintf$6) refers to printf6.o(i._printf_core) for _printf_core
    printf6.o(i.__0vfprintf$6) refers to st7735.o(i.fputc) for fputc
    printf6.o(i.__0vprintf$6) refers to printf6.o(i._printf_core) for _printf_core
    printf6.o(i.__0vprintf$6) refers to st7735.o(i.fputc) for fputc
    printf6.o(i.__0vprintf$6) refers to stdout.o(.data) for __stdout
    printf6.o(i.__0vsnprintf$6) refers to printf6.o(i._printf_core) for _printf_core
    printf6.o(i.__0vsnprintf$6) refers to printf6.o(i._snputc) for _snputc
    printf6.o(i.__0vsprintf$6) refers to printf6.o(i._printf_core) for _printf_core
    printf6.o(i.__0vsprintf$6) refers to printf6.o(i._sputc) for _sputc
    printf6.o(i._printf_core) refers to printf6.o(i._printf_pre_padding) for _printf_pre_padding
    printf6.o(i._printf_core) refers to uidiv.o(.text) for __aeabi_uidivmod
    printf6.o(i._printf_core) refers to printf6.o(i._printf_post_padding) for _printf_post_padding
    printf7.o(i.__0fprintf$7) refers to printf7.o(i._printf_core) for _printf_core
    printf7.o(i.__0fprintf$7) refers to st7735.o(i.fputc) for fputc
    printf7.o(i.__0printf$7) refers to printf7.o(i._printf_core) for _printf_core
    printf7.o(i.__0printf$7) refers to st7735.o(i.fputc) for fputc
    printf7.o(i.__0printf$7) refers to stdout.o(.data) for __stdout
    printf7.o(i.__0snprintf$7) refers to printf7.o(i._printf_core) for _printf_core
    printf7.o(i.__0snprintf$7) refers to printf7.o(i._snputc) for _snputc
    printf7.o(i.__0sprintf$7) refers to printf7.o(i._printf_core) for _printf_core
    printf7.o(i.__0sprintf$7) refers to printf7.o(i._sputc) for _sputc
    printf7.o(i.__0vfprintf$7) refers to printf7.o(i._printf_core) for _printf_core
    printf7.o(i.__0vfprintf$7) refers to st7735.o(i.fputc) for fputc
    printf7.o(i.__0vprintf$7) refers to printf7.o(i._printf_core) for _printf_core
    printf7.o(i.__0vprintf$7) refers to st7735.o(i.fputc) for fputc
    printf7.o(i.__0vprintf$7) refers to stdout.o(.data) for __stdout
    printf7.o(i.__0vsnprintf$7) refers to printf7.o(i._printf_core) for _printf_core
    printf7.o(i.__0vsnprintf$7) refers to printf7.o(i._snputc) for _snputc
    printf7.o(i.__0vsprintf$7) refers to printf7.o(i._printf_core) for _printf_core
    printf7.o(i.__0vsprintf$7) refers to printf7.o(i._sputc) for _sputc
    printf7.o(i._printf_core) refers to printf7.o(i._printf_pre_padding) for _printf_pre_padding
    printf7.o(i._printf_core) refers to uldiv.o(.text) for __aeabi_uldivmod
    printf7.o(i._printf_core) refers to printf7.o(i._printf_post_padding) for _printf_post_padding
    printf8.o(i.__0fprintf$8) refers to printf8.o(i._printf_core) for _printf_core
    printf8.o(i.__0fprintf$8) refers to st7735.o(i.fputc) for fputc
    printf8.o(i.__0printf$8) refers to printf8.o(i._printf_core) for _printf_core
    printf8.o(i.__0printf$8) refers to st7735.o(i.fputc) for fputc
    printf8.o(i.__0printf$8) refers to stdout.o(.data) for __stdout
    printf8.o(i.__0snprintf$8) refers to printf8.o(i._printf_core) for _printf_core
    printf8.o(i.__0snprintf$8) refers to printf8.o(i._snputc) for _snputc
    printf8.o(i.__0sprintf$8) refers to printf8.o(i._printf_core) for _printf_core
    printf8.o(i.__0sprintf$8) refers to printf8.o(i._sputc) for _sputc
    printf8.o(i.__0vfprintf$8) refers to printf8.o(i._printf_core) for _printf_core
    printf8.o(i.__0vfprintf$8) refers to st7735.o(i.fputc) for fputc
    printf8.o(i.__0vprintf$8) refers to printf8.o(i._printf_core) for _printf_core
    printf8.o(i.__0vprintf$8) refers to st7735.o(i.fputc) for fputc
    printf8.o(i.__0vprintf$8) refers to stdout.o(.data) for __stdout
    printf8.o(i.__0vsnprintf$8) refers to printf8.o(i._printf_core) for _printf_core
    printf8.o(i.__0vsnprintf$8) refers to printf8.o(i._snputc) for _snputc
    printf8.o(i.__0vsprintf$8) refers to printf8.o(i._printf_core) for _printf_core
    printf8.o(i.__0vsprintf$8) refers to printf8.o(i._sputc) for _sputc
    printf8.o(i._printf_core) refers to printf8.o(i._printf_pre_padding) for _printf_pre_padding
    printf8.o(i._printf_core) refers to uldiv.o(.text) for __aeabi_uldivmod
    printf8.o(i._printf_core) refers to printf8.o(i._printf_post_padding) for _printf_post_padding
    printfa.o(i.__0fprintf) refers (Special) to iusefp.o(.text) for __I$use$fp
    printfa.o(i.__0fprintf) refers to printfa.o(i._printf_core) for _printf_core
    printfa.o(i.__0fprintf) refers to st7735.o(i.fputc) for fputc
    printfa.o(i.__0printf) refers (Special) to iusefp.o(.text) for __I$use$fp
    printfa.o(i.__0printf) refers to printfa.o(i._printf_core) for _printf_core
    printfa.o(i.__0printf) refers to st7735.o(i.fputc) for fputc
    printfa.o(i.__0printf) refers to stdout.o(.data) for __stdout
    printfa.o(i.__0snprintf) refers (Special) to iusefp.o(.text) for __I$use$fp
    printfa.o(i.__0snprintf) refers to printfa.o(i._printf_core) for _printf_core
    printfa.o(i.__0snprintf) refers to printfa.o(i._snputc) for _snputc
    printfa.o(i.__0sprintf) refers (Special) to iusefp.o(.text) for __I$use$fp
    printfa.o(i.__0sprintf) refers to printfa.o(i._printf_core) for _printf_core
    printfa.o(i.__0sprintf) refers to printfa.o(i._sputc) for _sputc
    printfa.o(i.__0vfprintf) refers (Special) to iusefp.o(.text) for __I$use$fp
    printfa.o(i.__0vfprintf) refers to printfa.o(i._printf_core) for _printf_core
    printfa.o(i.__0vfprintf) refers to st7735.o(i.fputc) for fputc
    printfa.o(i.__0vprintf) refers (Special) to iusefp.o(.text) for __I$use$fp
    printfa.o(i.__0vprintf) refers to printfa.o(i._printf_core) for _printf_core
    printfa.o(i.__0vprintf) refers to st7735.o(i.fputc) for fputc
    printfa.o(i.__0vprintf) refers to stdout.o(.data) for __stdout
    printfa.o(i.__0vsnprintf) refers (Special) to iusefp.o(.text) for __I$use$fp
    printfa.o(i.__0vsnprintf) refers to printfa.o(i._printf_core) for _printf_core
    printfa.o(i.__0vsnprintf) refers to printfa.o(i._snputc) for _snputc
    printfa.o(i.__0vsprintf) refers (Special) to iusefp.o(.text) for __I$use$fp
    printfa.o(i.__0vsprintf) refers to printfa.o(i._printf_core) for _printf_core
    printfa.o(i.__0vsprintf) refers to printfa.o(i._sputc) for _sputc
    printfa.o(i._fp_digits) refers (Special) to iusefp.o(.text) for __I$use$fp
    printfa.o(i._fp_digits) refers to dmul.o(.text) for __aeabi_dmul
    printfa.o(i._fp_digits) refers to ddiv.o(.text) for __aeabi_ddiv
    printfa.o(i._fp_digits) refers to cdrcmple.o(.text) for __aeabi_cdrcmple
    printfa.o(i._fp_digits) refers to dadd.o(.text) for __aeabi_dadd
    printfa.o(i._fp_digits) refers to dfixul.o(.text) for __aeabi_d2ulz
    printfa.o(i._fp_digits) refers to uldiv.o(.text) for __aeabi_uldivmod
    printfa.o(i._printf_core) refers (Special) to iusefp.o(.text) for __I$use$fp
    printfa.o(i._printf_core) refers to printfa.o(i._printf_pre_padding) for _printf_pre_padding
    printfa.o(i._printf_core) refers to uldiv.o(.text) for __aeabi_uldivmod
    printfa.o(i._printf_core) refers to printfa.o(i._printf_post_padding) for _printf_post_padding
    printfa.o(i._printf_core) refers to printfa.o(i._fp_digits) for _fp_digits
    printfa.o(i._printf_core) refers to uidiv.o(.text) for __aeabi_uidivmod
    printfa.o(i._printf_post_padding) refers (Special) to iusefp.o(.text) for __I$use$fp
    printfa.o(i._printf_pre_padding) refers (Special) to iusefp.o(.text) for __I$use$fp
    printfa.o(i._snputc) refers (Special) to iusefp.o(.text) for __I$use$fp
    printfa.o(i._sputc) refers (Special) to iusefp.o(.text) for __I$use$fp
    entry2.o(.ARM.Collect$$$$00000001) refers to entry2.o(.ARM.Collect$$$$00002712) for __lit__00000000
    entry2.o(.ARM.Collect$$$$00002712) refers to startup.o(STACK) for __initial_sp
    entry2.o(__vectab_stack_and_reset_area) refers to startup.o(STACK) for __initial_sp
    entry2.o(__vectab_stack_and_reset_area) refers to entry.o(.ARM.Collect$$$$00000000) for __main
    entry5.o(.ARM.Collect$$$$00000004) refers to init.o(.text) for __scatterload
    entry9a.o(.ARM.Collect$$$$0000000B) refers to main_game.o(i.main) for main
    entry9b.o(.ARM.Collect$$$$0000000C) refers to main_game.o(i.main) for main
    uldiv.o(.text) refers to llushr.o(.text) for __aeabi_llsr
    uldiv.o(.text) refers to llshl.o(.text) for __aeabi_llsl
    dadd.o(.text) refers to llshl.o(.text) for __aeabi_llsl
    dadd.o(.text) refers to llsshr.o(.text) for __aeabi_lasr
    dadd.o(.text) refers to depilogue.o(.text) for _double_epilogue
    dmul.o(.text) refers to depilogue.o(.text) for _double_epilogue
    ddiv.o(.text) refers to depilogue.o(.text) for _double_round
    dfixul.o(.text) refers to llushr.o(.text) for __aeabi_llsr
    dfixul.o(.text) refers to llshl.o(.text) for __aeabi_llsl
    init.o(.text) refers to entry5.o(.ARM.Collect$$$$00000004) for __main_after_scatterload
    depilogue.o(.text) refers to llshl.o(.text) for __aeabi_llsl
    depilogue.o(.text) refers to llushr.o(.text) for __aeabi_llsr


==============================================================================

Removing Unused input sections from the image.

    Removing startup.o(HEAP), (0 bytes).
    Removing st7735.o(i.Output_Clear), (10 bytes).
    Removing st7735.o(i.Output_Color), (12 bytes).
    Removing st7735.o(i.Output_Off), (8 bytes).
    Removing st7735.o(i.Output_On), (8 bytes).
    Removing st7735.o(i.ST7735_Color565), (24 bytes).
    Removing st7735.o(i.ST7735_DrawChar), (272 bytes).
    Removing st7735.o(i.ST7735_DrawFastHLine), (124 bytes).
    Removing st7735.o(i.ST7735_DrawFastVLine), (124 bytes).
    Removing st7735.o(i.ST7735_DrawString), (86 bytes).
    Removing st7735.o(i.ST7735_InitB), (40 bytes).
    Removing st7735.o(i.ST7735_InvertDisplay), (22 bytes).
    Removing st7735.o(i.ST7735_OutChar), (212 bytes).
    Removing st7735.o(i.ST7735_OutString), (24 bytes).
    Removing st7735.o(i.ST7735_OutUDec), (140 bytes).
    Removing st7735.o(i.ST7735_PlotBar), (88 bytes).
    Removing st7735.o(i.ST7735_PlotClear), (92 bytes).
    Removing st7735.o(i.ST7735_PlotLine), (264 bytes).
    Removing st7735.o(i.ST7735_PlotNext), (32 bytes).
    Removing st7735.o(i.ST7735_PlotNextErase), (64 bytes).
    Removing st7735.o(i.ST7735_PlotPoint), (152 bytes).
    Removing st7735.o(i.ST7735_PlotPoints), (172 bytes).
    Removing st7735.o(i.ST7735_PlotdBfs), (60 bytes).
    Removing st7735.o(i.ST7735_SetRotation), (212 bytes).
    Removing st7735.o(i.ST7735_SetTextColor), (12 bytes).
    Removing st7735.o(i.ST7735_SwapColor), (18 bytes).
    Removing st7735.o(i.ferror), (8 bytes).
    Removing st7735.o(i.fgetc), (6 bytes).
    Removing st7735.o(i.fillmessage), (72 bytes).
    Removing st7735.o(i.fputc), (16 bytes).
    Removing st7735.o(.bss), (12 bytes).
    Removing main_game.o(i.GameTask), (20 bytes).
    Removing display_funcs.o(i.Clear2), (106 bytes).
    Removing display_funcs.o(i.Draw_Black1_Text), (26 bytes).
    Removing display_funcs.o(i.Draw_Black_Text), (68 bytes).
    Removing menu.o(i.GameOver_Menu_Loss), (136 bytes).
    Removing menu.o(i.SubMenu), (2 bytes).
    Removing menu.o(i.SubMenu_Clear), (10 bytes).
    Removing menu.o(i.Text_Delay_10ms), (32 bytes).
    Removing hud.o(i.Hud_Clear_All), (16 bytes).
    Removing hud.o(i.Hud_Clear_All2), (16 bytes).
    Removing hud.o(i.Hud_Clear_Lower), (10 bytes).
    Removing hud.o(i.Hud_Clear_Upper), (10 bytes).
    Removing dadd.o(.text), (334 bytes).
    Removing dmul.o(.text), (228 bytes).
    Removing ddiv.o(.text), (222 bytes).
    Removing dfixul.o(.text), (48 bytes).
    Removing cdrcmple.o(.text), (48 bytes).
    Removing depilogue.o(.text), (186 bytes).

49 unused section(s) (total 3904 bytes) removed from the image.

==============================================================================

Image Symbol Table

    Local Symbols

    Symbol Name                              Value     Ov Type        Size  Object(Section)

    RESET                                    0x00000000   Section      644  startup.o(RESET)
    ../clib/microlib/division.c              0x00000000   Number         0  uldiv.o ABSOLUTE
    ../clib/microlib/division.c              0x00000000   Number         0  uidiv.o ABSOLUTE
    ../clib/microlib/init/entry.s            0x00000000   Number         0  entry.o ABSOLUTE
    ../clib/microlib/init/entry.s            0x00000000   Number         0  entry11b.o ABSOLUTE
    ../clib/microlib/init/entry.s            0x00000000   Number         0  entry12a.o ABSOLUTE
    ../clib/microlib/init/entry.s            0x00000000   Number         0  entry9b.o ABSOLUTE
    ../clib/microlib/init/entry.s            0x00000000   Number         0  entry7a.o ABSOLUTE
    ../clib/microlib/init/entry.s            0x00000000   Number         0  entry7b.o ABSOLUTE
    ../clib/microlib/init/entry.s            0x00000000   Number         0  entry5.o ABSOLUTE
    ../clib/microlib/init/entry.s            0x00000000   Number         0  entry12b.o ABSOLUTE
    ../clib/microlib/init/entry.s            0x00000000   Number         0  entry8a.o ABSOLUTE
    ../clib/microlib/init/entry.s            0x00000000   Number         0  entry8b.o ABSOLUTE
    ../clib/microlib/init/entry.s            0x00000000   Number         0  entry2.o ABSOLUTE
    ../clib/microlib/init/entry.s            0x00000000   Number         0  entry9a.o ABSOLUTE
    ../clib/microlib/init/entry.s            0x00000000   Number         0  entry10a.o ABSOLUTE
    ../clib/microlib/init/entry.s            0x00000000   Number         0  entry10b.o ABSOLUTE
    ../clib/microlib/init/entry.s            0x00000000   Number         0  entry11a.o ABSOLUTE
    ../clib/microlib/longlong.c              0x00000000   Number         0  llsshr.o ABSOLUTE
    ../clib/microlib/longlong.c              0x00000000   Number         0  llushr.o ABSOLUTE
    ../clib/microlib/longlong.c              0x00000000   Number         0  llshl.o ABSOLUTE
    ../clib/microlib/printf/printf.c         0x00000000   Number         0  printf0.o ABSOLUTE
    ../clib/microlib/printf/printf.c         0x00000000   Number         0  printf1.o ABSOLUTE
    ../clib/microlib/printf/printf.c         0x00000000   Number         0  printf3.o ABSOLUTE
    ../clib/microlib/printf/printf.c         0x00000000   Number         0  printf4.o ABSOLUTE
    ../clib/microlib/printf/printf.c         0x00000000   Number         0  printf6.o ABSOLUTE
    ../clib/microlib/printf/printf.c         0x00000000   Number         0  printf7.o ABSOLUTE
    ../clib/microlib/printf/printf.c         0x00000000   Number         0  printf2.o ABSOLUTE
    ../clib/microlib/printf/printf.c         0x00000000   Number         0  printf8.o ABSOLUTE
    ../clib/microlib/printf/printf.c         0x00000000   Number         0  printfa.o ABSOLUTE
    ../clib/microlib/printf/printf.c         0x00000000   Number         0  printf5.o ABSOLUTE
    ../clib/microlib/printf/printf.c         0x00000000   Number         0  printfb.o ABSOLUTE
    ../clib/microlib/printf/stubs.s          0x00000000   Number         0  stubs.o ABSOLUTE
    ../clib/microlib/stdio/streams.c         0x00000000   Number         0  stdout.o ABSOLUTE
    ../clib/microlib/string/memcpy.c         0x00000000   Number         0  memcpyb.o ABSOLUTE
    ../clib/microlib/string/memcpy.c         0x00000000   Number         0  memcpya.o ABSOLUTE
    ../clib/microlib/string/strlen.c         0x00000000   Number         0  strlen.o ABSOLUTE
    ../clib/microlib/stubs.s                 0x00000000   Number         0  iusefp.o ABSOLUTE
    ../fplib/microlib/fpadd.c                0x00000000   Number         0  dadd.o ABSOLUTE
    ../fplib/microlib/fpdiv.c                0x00000000   Number         0  ddiv.o ABSOLUTE
    ../fplib/microlib/fpepilogue.c           0x00000000   Number         0  depilogue.o ABSOLUTE
    ../fplib/microlib/fpfix.c                0x00000000   Number         0  dfixul.o ABSOLUTE
    ../fplib/microlib/fpmul.c                0x00000000   Number         0  dmul.o ABSOLUTE
    ADCSWTrigger.c                           0x00000000   Number         0  adcswtrigger.o ABSOLUTE
    Main_Game.c                              0x00000000   Number         0  main_game.o ABSOLUTE
    Menu.c                                   0x00000000   Number         0  menu.o ABSOLUTE
    PLL.c                                    0x00000000   Number         0  pll.o ABSOLUTE
    ST7735.c                                 0x00000000   Number         0  st7735.o ABSOLUTE
    cdrcmple.s                               0x00000000   Number         0  cdrcmple.o ABSOLUTE
    dc.s                                     0x00000000   Number         0  dc.o ABSOLUTE
    display_funcs.c                          0x00000000   Number         0  display_funcs.o ABSOLUTE
    handlers.s                               0x00000000   Number         0  handlers.o ABSOLUTE
    hud.C                                    0x00000000   Number         0  hud.o ABSOLUTE
    init.s                                   0x00000000   Number         0  init.o ABSOLUTE
    random.s                                 0x00000000   Number         0  random.o ABSOLUTE
    sprite.c                                 0x00000000   Number         0  sprite.o ABSOLUTE
    startup.s                                0x00000000   Number         0  startup.o ABSOLUTE
    $v0                                      0x0000026c   Number         0  startup.o(RESET)
    .ARM.Collect$$$$00000000                 0x00000284   Section        0  entry.o(.ARM.Collect$$$$00000000)
    .ARM.Collect$$$$00000001                 0x00000284   Section        4  entry2.o(.ARM.Collect$$$$00000001)
    .ARM.Collect$$$$00000004                 0x00000288   Section        4  entry5.o(.ARM.Collect$$$$00000004)
    .ARM.Collect$$$$00000008                 0x0000028c   Section        0  entry7b.o(.ARM.Collect$$$$00000008)
    .ARM.Collect$$$$0000000A                 0x0000028c   Section        0  entry8b.o(.ARM.Collect$$$$0000000A)
    .ARM.Collect$$$$0000000B                 0x0000028c   Section        8  entry9a.o(.ARM.Collect$$$$0000000B)
    .ARM.Collect$$$$0000000E                 0x00000294   Section        4  entry12b.o(.ARM.Collect$$$$0000000E)
    .ARM.Collect$$$$0000000F                 0x00000298   Section        0  entry10a.o(.ARM.Collect$$$$0000000F)
    .ARM.Collect$$$$00000011                 0x00000298   Section        0  entry11a.o(.ARM.Collect$$$$00000011)
    .ARM.Collect$$$$00002712                 0x00000298   Section        4  entry2.o(.ARM.Collect$$$$00002712)
    __lit__00000000                          0x00000298   Data           4  entry2.o(.ARM.Collect$$$$00002712)
    .text                                    0x0000029c   Section       28  startup.o(.text)
    $v0                                      0x0000029c   Number         0  startup.o(.text)
    .text                                    0x000002b8   Section       64  random.o(.text)
    $v0                                      0x000002b8   Number         0  random.o(.text)
    .text                                    0x000002f8   Section        0  memcpya.o(.text)
    .text                                    0x0000031c   Section        0  strlen.o(.text)
    .text                                    0x0000032a   Section        0  uidiv.o(.text)
    .text                                    0x00000358   Section       36  init.o(.text)
    i.ADC0_InSeq3                            0x0000037c   Section        0  adcswtrigger.o(i.ADC0_InSeq3)
    i.ADC0_InitSWTriggerSeq3_Ch1             0x000003a8   Section        0  adcswtrigger.o(i.ADC0_InitSWTriggerSeq3_Ch1)
    i.Button_Init_portE                      0x00000480   Section        0  main_game.o(i.Button_Init_portE)
    i.Clear                                  0x000004f4   Section        0  display_funcs.o(i.Clear)
    i.Delay1ms                               0x0000055c   Section        0  st7735.o(i.Delay1ms)
    i.DelayWait10ms                          0x0000057c   Section        0  main_game.o(i.DelayWait10ms)
    i.Delay_10ms                             0x0000059c   Section        0  display_funcs.o(i.Delay_10ms)
    i.Draw_Black_Text_Delayed_10ms           0x000005bc   Section        0  display_funcs.o(i.Draw_Black_Text_Delayed_10ms)
    i.Draw_Black_Text_Delayed_10ms1          0x00000602   Section        0  display_funcs.o(i.Draw_Black_Text_Delayed_10ms1)
    i.Draw_Text                              0x00000648   Section        0  display_funcs.o(i.Draw_Text)
    i.Draw_Text_Colorful                     0x0000068c   Section        0  display_funcs.o(i.Draw_Text_Colorful)
    i.Draw_Text_Delayed_10ms                 0x000006fc   Section        0  display_funcs.o(i.Draw_Text_Delayed_10ms)
    i.Draw_White_Text                        0x00000740   Section        0  display_funcs.o(i.Draw_White_Text)
    i.Draw_White_Text_Delayed_10ms           0x0000075c   Section        0  display_funcs.o(i.Draw_White_Text_Delayed_10ms)
    i.GameDraw                               0x00000780   Section        0  main_game.o(i.GameDraw)
    i.GameInit                               0x000007e8   Section        0  main_game.o(i.GameInit)
    i.GameMove                               0x00000b8c   Section        0  main_game.o(i.GameMove)
    i.GameOver_Menu                          0x00000bd4   Section        0  menu.o(i.GameOver_Menu)
    i.GameOver_Menu_Win                      0x00000c54   Section        0  menu.o(i.GameOver_Menu_Win)
    i.Hud_Ingame                             0x00000dc4   Section        0  hud.o(i.Hud_Ingame)
    i.Hud_Menu                               0x00000e9c   Section        0  hud.o(i.Hud_Menu)
    i.Menu                                   0x00000f18   Section        0  menu.o(i.Menu)
    i.Menu_Clear                             0x00000f36   Section        0  menu.o(i.Menu_Clear)
    i.Output_Init                            0x00000f40   Section        0  st7735.o(i.Output_Init)
    i.PLL_Init                               0x00000f50   Section        0  pll.o(i.PLL_Init)
    i.Player_Ship_Clear                      0x00000fcc   Section        0  main_game.o(i.Player_Ship_Clear)
    i.ST7735_DrawBitmap                      0x00000ff4   Section        0  st7735.o(i.ST7735_DrawBitmap)
    i.ST7735_DrawCharS                       0x00001114   Section        0  st7735.o(i.ST7735_DrawCharS)
    i.ST7735_DrawPixel                       0x0000120c   Section        0  st7735.o(i.ST7735_DrawPixel)
    i.ST7735_FillRect                        0x00001254   Section        0  st7735.o(i.ST7735_FillRect)
    i.ST7735_FillScreen                      0x00001300   Section        0  st7735.o(i.ST7735_FillScreen)
    i.ST7735_InitR                           0x00001324   Section        0  st7735.o(i.ST7735_InitR)
    i.ST7735_SetCursor                       0x000013a0   Section        0  st7735.o(i.ST7735_SetCursor)
    i.Shoot                                  0x000013c0   Section        0  main_game.o(i.Shoot)
    i.Start_Menu                             0x000013f8   Section        0  menu.o(i.Start_Menu)
    i.SysTick_Handler                        0x000014fc   Section        0  main_game.o(i.SysTick_Handler)
    i.SysTick_Init                           0x000018ac   Section        0  main_game.o(i.SysTick_Init)
    i.__0sprintf$1                           0x000018e4   Section        0  printf1.o(i.__0sprintf$1)
    i.__scatterload_copy                     0x0000190c   Section       14  handlers.o(i.__scatterload_copy)
    i.__scatterload_null                     0x0000191a   Section        2  handlers.o(i.__scatterload_null)
    i.__scatterload_zeroinit                 0x0000191c   Section       14  handlers.o(i.__scatterload_zeroinit)
    i._printf_core                           0x0000192c   Section        0  printf1.o(i._printf_core)
    _printf_core                             0x0000192d   Thumb Code   336  printf1.o(i._printf_core)
    i._sputc                                 0x00001a80   Section        0  printf1.o(i._sputc)
    _sputc                                   0x00001a81   Thumb Code    10  printf1.o(i._sputc)
    i.button_logic                           0x00001a8c   Section        0  main_game.o(i.button_logic)
    i.commandList                            0x00001aa8   Section        0  st7735.o(i.commandList)
    commandList                              0x00001aa9   Thumb Code    86  st7735.o(i.commandList)
    i.commonInit                             0x00001b00   Section        0  st7735.o(i.commonInit)
    commonInit                               0x00001b01   Thumb Code   342  st7735.o(i.commonInit)
    i.drawBunkers                            0x00001c88   Section        0  main_game.o(i.drawBunkers)
    i.drawEnemys                             0x00001d90   Section        0  main_game.o(i.drawEnemys)
    i.drawLasers                             0x00001ebc   Section        0  main_game.o(i.drawLasers)
    i.drawMissiles                           0x00001f3c   Section        0  main_game.o(i.drawMissiles)
    i.enemyHit                               0x000022b0   Section        0  main_game.o(i.enemyHit)
    i.main                                   0x00002414   Section        0  main_game.o(i.main)
    i.moveEnemys                             0x000024d0   Section        0  main_game.o(i.moveEnemys)
    i.moveLasers                             0x0000265c   Section        0  main_game.o(i.moveLasers)
    i.moveMissiles                           0x00002694   Section        0  main_game.o(i.moveMissiles)
    i.moveSpaceShip                          0x0000290c   Section        0  main_game.o(i.moveSpaceShip)
    i.processbutton                          0x00002948   Section        0  main_game.o(i.processbutton)
    i.pushColor                              0x00002990   Section        0  st7735.o(i.pushColor)
    pushColor                                0x00002991   Thumb Code    18  st7735.o(i.pushColor)
    i.setAddrWindow                          0x000029a4   Section        0  st7735.o(i.setAddrWindow)
    setAddrWindow                            0x000029a5   Thumb Code   106  st7735.o(i.setAddrWindow)
    i.slide_meter                            0x00002a18   Section        0  main_game.o(i.slide_meter)
    i.writecommand                           0x00002a44   Section        0  st7735.o(i.writecommand)
    writecommand                             0x00002a45   Thumb Code    40  st7735.o(i.writecommand)
    i.writedata                              0x00002a74   Section        0  st7735.o(i.writedata)
    writedata                                0x00002a75   Thumb Code    26  st7735.o(i.writedata)
    .constdata                               0x00002a98   Section     2018  st7735.o(.constdata)
    Font                                     0x00002a98   Data        1275  st7735.o(.constdata)
    Bcmd                                     0x00002f93   Data         103  st7735.o(.constdata)
    Rcmd1                                    0x00002ffa   Data          59  st7735.o(.constdata)
    Rcmd2green                               0x00003035   Data          13  st7735.o(.constdata)
    Rcmd2red                                 0x00003042   Data          13  st7735.o(.constdata)
    Rcmd3                                    0x0000304f   Data          43  st7735.o(.constdata)
    .constdata                               0x0000327a   Section     5540  sprite.o(.constdata)
    .constdata                               0x00004820   Section        8  menu.o(.constdata)
    .data                                    0x20000000   Section       44  st7735.o(.data)
    ColStart                                 0x2000000a   Data           1  st7735.o(.data)
    RowStart                                 0x2000000b   Data           1  st7735.o(.data)
    Rotation                                 0x2000000c   Data           1  st7735.o(.data)
    TabColor                                 0x2000000d   Data           1  st7735.o(.data)
    _width                                   0x2000000e   Data           2  st7735.o(.data)
    _height                                  0x20000010   Data           2  st7735.o(.data)
    .data                                    0x2000002c   Section      132  main_game.o(.data)
    .data                                    0x200000b0   Section       12  display_funcs.o(.data)
    .data                                    0x200000bc   Section       12  menu.o(.data)
    DATA                                     0x200000c8   Section        4  random.o(DATA)
    M                                        0x200000c8   Data           4  random.o(DATA)
    .bss                                     0x200000cc   Section     2048  main_game.o(.bss)
    STACK                                    0x200008d0   Section     1024  startup.o(STACK)
    StackMem                                 0x200008d0   Data           0  startup.o(STACK)

    Global Symbols

    Symbol Name                              Value     Ov Type        Size  Object(Section)

    BuildAttributes$$THM_ISAv4$E$P$D$K$B$S$7EM$VFPi3$EXTD16$VFPS$VFMA$PE$A:L22UL41UL21$X:L11$S22US41US21$IEEE1$IW$USESV6$~STKCKD$USESV7$~SHL$OSPACE$ROPI$EBA8$MICROLIB$REQ8$PRES8$EABIv2 0x00000000   Number         0  anon$$obj.o ABSOLUTE
    __ARM_use_no_argv                        0x00000000   Number         0  main_game.o ABSOLUTE
    __Vectors                                0x00000000   Data           0  startup.o(RESET)
    _printf_a                                0x00000000   Number         0  stubs.o ABSOLUTE
    _printf_c                                0x00000000   Number         0  stubs.o ABSOLUTE
    _printf_charcount                        0x00000000   Number         0  stubs.o ABSOLUTE
    _printf_d                                0x00000000   Number         0  stubs.o ABSOLUTE
    _printf_e                                0x00000000   Number         0  stubs.o ABSOLUTE
    _printf_f                                0x00000000   Number         0  stubs.o ABSOLUTE
    _printf_flags                            0x00000000   Number         0  stubs.o ABSOLUTE
    _printf_fp_dec                           0x00000000   Number         0  stubs.o ABSOLUTE
    _printf_fp_hex                           0x00000000   Number         0  stubs.o ABSOLUTE
    _printf_g                                0x00000000   Number         0  stubs.o ABSOLUTE
    _printf_i                                0x00000000   Number         0  stubs.o ABSOLUTE
    _printf_int_dec                          0x00000000   Number         0  stubs.o ABSOLUTE
    _printf_l                                0x00000000   Number         0  stubs.o ABSOLUTE
    _printf_lc                               0x00000000   Number         0  stubs.o ABSOLUTE
    _printf_ll                               0x00000000   Number         0  stubs.o ABSOLUTE
    _printf_lld                              0x00000000   Number         0  stubs.o ABSOLUTE
    _printf_lli                              0x00000000   Number         0  stubs.o ABSOLUTE
    _printf_llo                              0x00000000   Number         0  stubs.o ABSOLUTE
    _printf_llu                              0x00000000   Number         0  stubs.o ABSOLUTE
    _printf_llx                              0x00000000   Number         0  stubs.o ABSOLUTE
    _printf_longlong_dec                     0x00000000   Number         0  stubs.o ABSOLUTE
    _printf_longlong_hex                     0x00000000   Number         0  stubs.o ABSOLUTE
    _printf_longlong_oct                     0x00000000   Number         0  stubs.o ABSOLUTE
    _printf_ls                               0x00000000   Number         0  stubs.o ABSOLUTE
    _printf_mbtowc                           0x00000000   Number         0  stubs.o ABSOLUTE
    _printf_n                                0x00000000   Number         0  stubs.o ABSOLUTE
    _printf_o                                0x00000000   Number         0  stubs.o ABSOLUTE
    _printf_p                                0x00000000   Number         0  stubs.o ABSOLUTE
    _printf_percent                          0x00000000   Number         0  stubs.o ABSOLUTE
    _printf_pre_padding                      0x00000000   Number         0  stubs.o ABSOLUTE
    _printf_return_value                     0x00000000   Number         0  stubs.o ABSOLUTE
    _printf_s                                0x00000000   Number         0  stubs.o ABSOLUTE
    _printf_sizespec                         0x00000000   Number         0  stubs.o ABSOLUTE
    _printf_str                              0x00000000   Number         0  stubs.o ABSOLUTE
    _printf_truncate_signed                  0x00000000   Number         0  stubs.o ABSOLUTE
    _printf_truncate_unsigned                0x00000000   Number         0  stubs.o ABSOLUTE
    _printf_u                                0x00000000   Number         0  stubs.o ABSOLUTE
    _printf_wc                               0x00000000   Number         0  stubs.o ABSOLUTE
    _printf_wctomb                           0x00000000   Number         0  stubs.o ABSOLUTE
    _printf_widthprec                        0x00000000   Number         0  stubs.o ABSOLUTE
    _printf_x                                0x00000000   Number         0  stubs.o ABSOLUTE
    __arm_fini_                               - Undefined Weak Reference
    __cpp_initialize__aeabi_                  - Undefined Weak Reference
    __cxa_finalize                            - Undefined Weak Reference
    __decompress                              - Undefined Weak Reference
    _clock_init                               - Undefined Weak Reference
    _microlib_exit                            - Undefined Weak Reference
    Reset_Handler                            0x0000026d   Thumb Code     0  startup.o(RESET)
    NMI_Handler                              0x00000271   Thumb Code     2  startup.o(RESET)
    HardFault_Handler                        0x00000273   Thumb Code     2  startup.o(RESET)
    MemManage_Handler                        0x00000275   Thumb Code     2  startup.o(RESET)
    BusFault_Handler                         0x00000277   Thumb Code     2  startup.o(RESET)
    UsageFault_Handler                       0x00000279   Thumb Code     2  startup.o(RESET)
    SVC_Handler                              0x0000027b   Thumb Code     2  startup.o(RESET)
    DebugMon_Handler                         0x0000027d   Thumb Code     2  startup.o(RESET)
    PendSV_Handler                           0x0000027f   Thumb Code     2  startup.o(RESET)
    ADC0Seq0_Handler                         0x00000283   Thumb Code     0  startup.o(RESET)
    ADC0Seq1_Handler                         0x00000283   Thumb Code     0  startup.o(RESET)
    ADC0Seq2_Handler                         0x00000283   Thumb Code     0  startup.o(RESET)
    ADC0Seq3_Handler                         0x00000283   Thumb Code     0  startup.o(RESET)
    ADC1Seq0_Handler                         0x00000283   Thumb Code     0  startup.o(RESET)
    ADC1Seq1_Handler                         0x00000283   Thumb Code     0  startup.o(RESET)
    ADC1Seq2_Handler                         0x00000283   Thumb Code     0  startup.o(RESET)
    ADC1Seq3_Handler                         0x00000283   Thumb Code     0  startup.o(RESET)
    CAN0_Handler                             0x00000283   Thumb Code     0  startup.o(RESET)
    CAN1_Handler                             0x00000283   Thumb Code     0  startup.o(RESET)
    CAN2_Handler                             0x00000283   Thumb Code     0  startup.o(RESET)
    Comp0_Handler                            0x00000283   Thumb Code     0  startup.o(RESET)
    Comp1_Handler                            0x00000283   Thumb Code     0  startup.o(RESET)
    Comp2_Handler                            0x00000283   Thumb Code     0  startup.o(RESET)
    Ethernet_Handler                         0x00000283   Thumb Code     0  startup.o(RESET)
    ExtBus_Handler                           0x00000283   Thumb Code     0  startup.o(RESET)
    FPU_Handler                              0x00000283   Thumb Code     0  startup.o(RESET)
    Fan0_Handler                             0x00000283   Thumb Code     0  startup.o(RESET)
    FlashCtl_Handler                         0x00000283   Thumb Code     0  startup.o(RESET)
    GPIOPortA_Handler                        0x00000283   Thumb Code     0  startup.o(RESET)
    GPIOPortB_Handler                        0x00000283   Thumb Code     0  startup.o(RESET)
    GPIOPortC_Handler                        0x00000283   Thumb Code     0  startup.o(RESET)
    GPIOPortD_Handler                        0x00000283   Thumb Code     0  startup.o(RESET)
    GPIOPortE_Handler                        0x00000283   Thumb Code     0  startup.o(RESET)
    GPIOPortF_Handler                        0x00000283   Thumb Code     0  startup.o(RESET)
    GPIOPortG_Handler                        0x00000283   Thumb Code     0  startup.o(RESET)
    GPIOPortH_Handler                        0x00000283   Thumb Code     0  startup.o(RESET)
    GPIOPortJ_Handler                        0x00000283   Thumb Code     0  startup.o(RESET)
    GPIOPortK_Handler                        0x00000283   Thumb Code     0  startup.o(RESET)
    GPIOPortL_Handler                        0x00000283   Thumb Code     0  startup.o(RESET)
    GPIOPortM_Handler                        0x00000283   Thumb Code     0  startup.o(RESET)
    GPIOPortN_Handler                        0x00000283   Thumb Code     0  startup.o(RESET)
    GPIOPortP1_Handler                       0x00000283   Thumb Code     0  startup.o(RESET)
    GPIOPortP2_Handler                       0x00000283   Thumb Code     0  startup.o(RESET)
    GPIOPortP3_Handler                       0x00000283   Thumb Code     0  startup.o(RESET)
    GPIOPortP4_Handler                       0x00000283   Thumb Code     0  startup.o(RESET)
    GPIOPortP5_Handler                       0x00000283   Thumb Code     0  startup.o(RESET)
    GPIOPortP6_Handler                       0x00000283   Thumb Code     0  startup.o(RESET)
    GPIOPortP7_Handler                       0x00000283   Thumb Code     0  startup.o(RESET)
    GPIOPortP_Handler                        0x00000283   Thumb Code     0  startup.o(RESET)
    GPIOPortQ1_Handler                       0x00000283   Thumb Code     0  startup.o(RESET)
    GPIOPortQ2_Handler                       0x00000283   Thumb Code     0  startup.o(RESET)
    GPIOPortQ3_Handler                       0x00000283   Thumb Code     0  startup.o(RESET)
    GPIOPortQ4_Handler                       0x00000283   Thumb Code     0  startup.o(RESET)
    GPIOPortQ5_Handler                       0x00000283   Thumb Code     0  startup.o(RESET)
    GPIOPortQ6_Handler                       0x00000283   Thumb Code     0  startup.o(RESET)
    GPIOPortQ7_Handler                       0x00000283   Thumb Code     0  startup.o(RESET)
    GPIOPortQ_Handler                        0x00000283   Thumb Code     0  startup.o(RESET)
    GPIOPortR_Handler                        0x00000283   Thumb Code     0  startup.o(RESET)
    GPIOPortS_Handler                        0x00000283   Thumb Code     0  startup.o(RESET)
    Hibernate_Handler                        0x00000283   Thumb Code     0  startup.o(RESET)
    I2C0_Handler                             0x00000283   Thumb Code     0  startup.o(RESET)
    I2C1_Handler                             0x00000283   Thumb Code     0  startup.o(RESET)
    I2C2_Handler                             0x00000283   Thumb Code     0  startup.o(RESET)
    I2C3_Handler                             0x00000283   Thumb Code     0  startup.o(RESET)
    I2C4_Handler                             0x00000283   Thumb Code     0  startup.o(RESET)
    I2C5_Handler                             0x00000283   Thumb Code     0  startup.o(RESET)
    I2S0_Handler                             0x00000283   Thumb Code     0  startup.o(RESET)
    LPC0_Handler                             0x00000283   Thumb Code     0  startup.o(RESET)
    PECI0_Handler                            0x00000283   Thumb Code     0  startup.o(RESET)
    PWM0Fault_Handler                        0x00000283   Thumb Code     0  startup.o(RESET)
    PWM0Generator0_Handler                   0x00000283   Thumb Code     0  startup.o(RESET)
    PWM0Generator1_Handler                   0x00000283   Thumb Code     0  startup.o(RESET)
    PWM0Generator2_Handler                   0x00000283   Thumb Code     0  startup.o(RESET)
    PWM0Generator3_Handler                   0x00000283   Thumb Code     0  startup.o(RESET)
    PWM1Fault_Handler                        0x00000283   Thumb Code     0  startup.o(RESET)
    PWM1Generator0_Handler                   0x00000283   Thumb Code     0  startup.o(RESET)
    PWM1Generator1_Handler                   0x00000283   Thumb Code     0  startup.o(RESET)
    PWM1Generator2_Handler                   0x00000283   Thumb Code     0  startup.o(RESET)
    PWM1Generator3_Handler                   0x00000283   Thumb Code     0  startup.o(RESET)
    Quadrature0_Handler                      0x00000283   Thumb Code     0  startup.o(RESET)
    Quadrature1_Handler                      0x00000283   Thumb Code     0  startup.o(RESET)
    Quadrature2_Handler                      0x00000283   Thumb Code     0  startup.o(RESET)
    SSI0_Handler                             0x00000283   Thumb Code     0  startup.o(RESET)
    SSI1_Handler                             0x00000283   Thumb Code     0  startup.o(RESET)
    SSI2_Handler                             0x00000283   Thumb Code     0  startup.o(RESET)
    SSI3_Handler                             0x00000283   Thumb Code     0  startup.o(RESET)
    SysCtl_Handler                           0x00000283   Thumb Code     0  startup.o(RESET)
    Timer0A_Handler                          0x00000283   Thumb Code     0  startup.o(RESET)
    Timer0B_Handler                          0x00000283   Thumb Code     0  startup.o(RESET)
    Timer1A_Handler                          0x00000283   Thumb Code     0  startup.o(RESET)
    Timer1B_Handler                          0x00000283   Thumb Code     0  startup.o(RESET)
    Timer2A_Handler                          0x00000283   Thumb Code     0  startup.o(RESET)
    Timer2B_Handler                          0x00000283   Thumb Code     0  startup.o(RESET)
    Timer3A_Handler                          0x00000283   Thumb Code     0  startup.o(RESET)
    Timer3B_Handler                          0x00000283   Thumb Code     0  startup.o(RESET)
    Timer4A_Handler                          0x00000283   Thumb Code     0  startup.o(RESET)
    Timer4B_Handler                          0x00000283   Thumb Code     0  startup.o(RESET)
    Timer5A_Handler                          0x00000283   Thumb Code     0  startup.o(RESET)
    Timer5B_Handler                          0x00000283   Thumb Code     0  startup.o(RESET)
    UART0_Handler                            0x00000283   Thumb Code     0  startup.o(RESET)
    UART1_Handler                            0x00000283   Thumb Code     0  startup.o(RESET)
    UART2_Handler                            0x00000283   Thumb Code     0  startup.o(RESET)
    UART3_Handler                            0x00000283   Thumb Code     0  startup.o(RESET)
    UART4_Handler                            0x00000283   Thumb Code     0  startup.o(RESET)
    UART5_Handler                            0x00000283   Thumb Code     0  startup.o(RESET)
    UART6_Handler                            0x00000283   Thumb Code     0  startup.o(RESET)
    UART7_Handler                            0x00000283   Thumb Code     0  startup.o(RESET)
    USB0_Handler                             0x00000283   Thumb Code     0  startup.o(RESET)
    WDT_Handler                              0x00000283   Thumb Code     0  startup.o(RESET)
    WideTimer0A_Handler                      0x00000283   Thumb Code     0  startup.o(RESET)
    WideTimer0B_Handler                      0x00000283   Thumb Code     0  startup.o(RESET)
    WideTimer1A_Handler                      0x00000283   Thumb Code     0  startup.o(RESET)
    WideTimer1B_Handler                      0x00000283   Thumb Code     0  startup.o(RESET)
    WideTimer2A_Handler                      0x00000283   Thumb Code     0  startup.o(RESET)
    WideTimer2B_Handler                      0x00000283   Thumb Code     0  startup.o(RESET)
    WideTimer3A_Handler                      0x00000283   Thumb Code     0  startup.o(RESET)
    WideTimer3B_Handler                      0x00000283   Thumb Code     0  startup.o(RESET)
    WideTimer4A_Handler                      0x00000283   Thumb Code     0  startup.o(RESET)
    WideTimer4B_Handler                      0x00000283   Thumb Code     0  startup.o(RESET)
    WideTimer5A_Handler                      0x00000283   Thumb Code     0  startup.o(RESET)
    WideTimer5B_Handler                      0x00000283   Thumb Code     0  startup.o(RESET)
    uDMA_Error                               0x00000283   Thumb Code     0  startup.o(RESET)
    uDMA_Handler                             0x00000283   Thumb Code     0  startup.o(RESET)
    __main                                   0x00000285   Thumb Code     0  entry.o(.ARM.Collect$$$$00000000)
    _main_stk                                0x00000285   Thumb Code     0  entry2.o(.ARM.Collect$$$$00000001)
    _main_scatterload                        0x00000289   Thumb Code     0  entry5.o(.ARM.Collect$$$$00000004)
    __main_after_scatterload                 0x0000028d   Thumb Code     0  entry5.o(.ARM.Collect$$$$00000004)
    _main_clock                              0x0000028d   Thumb Code     0  entry7b.o(.ARM.Collect$$$$00000008)
    _main_cpp_init                           0x0000028d   Thumb Code     0  entry8b.o(.ARM.Collect$$$$0000000A)
    _main_init                               0x0000028d   Thumb Code     0  entry9a.o(.ARM.Collect$$$$0000000B)
    __rt_lib_shutdown_fini                   0x00000295   Thumb Code     0  entry12b.o(.ARM.Collect$$$$0000000E)
    __rt_final_cpp                           0x00000299   Thumb Code     0  entry10a.o(.ARM.Collect$$$$0000000F)
    __rt_final_exit                          0x00000299   Thumb Code     0  entry11a.o(.ARM.Collect$$$$00000011)
    DisableInterrupts                        0x0000029d   Thumb Code     0  startup.o(.text)
    EnableInterrupts                         0x000002a1   Thumb Code     0  startup.o(.text)
    StartCritical                            0x000002a5   Thumb Code     0  startup.o(.text)
    EndCritical                              0x000002ad   Thumb Code     0  startup.o(.text)
    WaitForInterrupt                         0x000002b3   Thumb Code     0  startup.o(.text)
    Random_Init                              0x000002b9   Thumb Code     0  random.o(.text)
    Random32                                 0x000002c3   Thumb Code     2  random.o(.text)
    Random                                   0x000002d5   Thumb Code     2  random.o(.text)
    __aeabi_memcpy                           0x000002f9   Thumb Code    36  memcpya.o(.text)
    __aeabi_memcpy4                          0x000002f9   Thumb Code     0  memcpya.o(.text)
    __aeabi_memcpy8                          0x000002f9   Thumb Code     0  memcpya.o(.text)
    strlen                                   0x0000031d   Thumb Code    14  strlen.o(.text)
    __aeabi_uidiv                            0x0000032b   Thumb Code     0  uidiv.o(.text)
    __aeabi_uidivmod                         0x0000032b   Thumb Code    44  uidiv.o(.text)
    __scatterload                            0x00000359   Thumb Code    28  init.o(.text)
    __scatterload_rt2                        0x00000359   Thumb Code     0  init.o(.text)
    ADC0_InSeq3                              0x0000037d   Thumb Code    38  adcswtrigger.o(i.ADC0_InSeq3)
    ADC0_InitSWTriggerSeq3_Ch1               0x000003a9   Thumb Code   192  adcswtrigger.o(i.ADC0_InitSWTriggerSeq3_Ch1)
    Button_Init_portE                        0x00000481   Thumb Code    96  main_game.o(i.Button_Init_portE)
    Clear                                    0x000004f5   Thumb Code   104  display_funcs.o(i.Clear)
    Delay1ms                                 0x0000055d   Thumb Code    32  st7735.o(i.Delay1ms)
    DelayWait10ms                            0x0000057d   Thumb Code    32  main_game.o(i.DelayWait10ms)
    Delay_10ms                               0x0000059d   Thumb Code    32  display_funcs.o(i.Delay_10ms)
    Draw_Black_Text_Delayed_10ms             0x000005bd   Thumb Code    70  display_funcs.o(i.Draw_Black_Text_Delayed_10ms)
    Draw_Black_Text_Delayed_10ms1            0x00000603   Thumb Code    70  display_funcs.o(i.Draw_Black_Text_Delayed_10ms1)
    Draw_Text                                0x00000649   Thumb Code    66  display_funcs.o(i.Draw_Text)
    Draw_Text_Colorful                       0x0000068d   Thumb Code   106  display_funcs.o(i.Draw_Text_Colorful)
    Draw_Text_Delayed_10ms                   0x000006fd   Thumb Code    68  display_funcs.o(i.Draw_Text_Delayed_10ms)
    Draw_White_Text                          0x00000741   Thumb Code    28  display_funcs.o(i.Draw_White_Text)
    Draw_White_Text_Delayed_10ms             0x0000075d   Thumb Code    36  display_funcs.o(i.Draw_White_Text_Delayed_10ms)
    GameDraw                                 0x00000781   Thumb Code    96  main_game.o(i.GameDraw)
    GameInit                                 0x000007e9   Thumb Code   868  main_game.o(i.GameInit)
    GameMove                                 0x00000b8d   Thumb Code    50  main_game.o(i.GameMove)
    GameOver_Menu                            0x00000bd5   Thumb Code   100  menu.o(i.GameOver_Menu)
    GameOver_Menu_Win                        0x00000c55   Thumb Code   310  menu.o(i.GameOver_Menu_Win)
    Hud_Ingame                               0x00000dc5   Thumb Code   194  hud.o(i.Hud_Ingame)
    Hud_Menu                                 0x00000e9d   Thumb Code   100  hud.o(i.Hud_Menu)
    Menu                                     0x00000f19   Thumb Code    30  menu.o(i.Menu)
    Menu_Clear                               0x00000f37   Thumb Code    10  menu.o(i.Menu_Clear)
    Output_Init                              0x00000f41   Thumb Code    16  st7735.o(i.Output_Init)
    PLL_Init                                 0x00000f51   Thumb Code   120  pll.o(i.PLL_Init)
    Player_Ship_Clear                        0x00000fcd   Thumb Code    36  main_game.o(i.Player_Ship_Clear)
    ST7735_DrawBitmap                        0x00000ff5   Thumb Code   280  st7735.o(i.ST7735_DrawBitmap)
    ST7735_DrawCharS                         0x00001115   Thumb Code   236  st7735.o(i.ST7735_DrawCharS)
    ST7735_DrawPixel                         0x0000120d   Thumb Code    64  st7735.o(i.ST7735_DrawPixel)
    ST7735_FillRect                          0x00001255   Thumb Code   164  st7735.o(i.ST7735_FillRect)
    ST7735_FillScreen                        0x00001301   Thumb Code    28  st7735.o(i.ST7735_FillScreen)
    ST7735_InitR                             0x00001325   Thumb Code    90  st7735.o(i.ST7735_InitR)
    ST7735_SetCursor                         0x000013a1   Thumb Code    22  st7735.o(i.ST7735_SetCursor)
    Shoot                                    0x000013c1   Thumb Code    42  main_game.o(i.Shoot)
    Start_Menu                               0x000013f9   Thumb Code   210  menu.o(i.Start_Menu)
    SysTick_Handler                          0x000014fd   Thumb Code   862  main_game.o(i.SysTick_Handler)
    SysTick_Init                             0x000018ad   Thumb Code    50  main_game.o(i.SysTick_Init)
    __0sprintf$1                             0x000018e5   Thumb Code    34  printf1.o(i.__0sprintf$1)
    __1sprintf$1                             0x000018e5   Thumb Code     0  printf1.o(i.__0sprintf$1)
    __2sprintf                               0x000018e5   Thumb Code     0  printf1.o(i.__0sprintf$1)
    __scatterload_copy                       0x0000190d   Thumb Code    14  handlers.o(i.__scatterload_copy)
    __scatterload_null                       0x0000191b   Thumb Code     2  handlers.o(i.__scatterload_null)
    __scatterload_zeroinit                   0x0000191d   Thumb Code    14  handlers.o(i.__scatterload_zeroinit)
    button_logic                             0x00001a8d   Thumb Code    18  main_game.o(i.button_logic)
    drawBunkers                              0x00001c89   Thumb Code   260  main_game.o(i.drawBunkers)
    drawEnemys                               0x00001d91   Thumb Code   274  main_game.o(i.drawEnemys)
    drawLasers                               0x00001ebd   Thumb Code   122  main_game.o(i.drawLasers)
    drawMissiles                             0x00001f3d   Thumb Code   874  main_game.o(i.drawMissiles)
    enemyHit                                 0x000022b1   Thumb Code   320  main_game.o(i.enemyHit)
    main                                     0x00002415   Thumb Code   154  main_game.o(i.main)
    moveEnemys                               0x000024d1   Thumb Code   374  main_game.o(i.moveEnemys)
    moveLasers                               0x0000265d   Thumb Code    50  main_game.o(i.moveLasers)
    moveMissiles                             0x00002695   Thumb Code   606  main_game.o(i.moveMissiles)
    moveSpaceShip                            0x0000290d   Thumb Code    56  main_game.o(i.moveSpaceShip)
    processbutton                            0x00002949   Thumb Code    56  main_game.o(i.processbutton)
    slide_meter                              0x00002a19   Thumb Code    40  main_game.o(i.slide_meter)
    dBfs                                     0x0000307a   Data         512  st7735.o(.constdata)
    BlackEnemy                               0x0000327a   Data         320  sprite.o(.constdata)
    BlackLaser                               0x000033ba   Data          72  sprite.o(.constdata)
    SmallEnemy10pointA                       0x00003402   Data         320  sprite.o(.constdata)
    SmallEnemy10pointB                       0x00003542   Data         320  sprite.o(.constdata)
    MedEnemy20pointA                         0x00003682   Data         320  sprite.o(.constdata)
    MedEnemy20pointB                         0x000037c2   Data         320  sprite.o(.constdata)
    LargeEnemy30pointA                       0x00003902   Data         320  sprite.o(.constdata)
    LargeEnemy30pointB                       0x00003a42   Data         320  sprite.o(.constdata)
    losestreaks                              0x00003b82   Data         320  sprite.o(.constdata)
    PlayerShip0                              0x00003cc2   Data         288  sprite.o(.constdata)
    PlayerShip1                              0x00003de2   Data         288  sprite.o(.constdata)
    Bunker0                                  0x00003f02   Data         180  sprite.o(.constdata)
    Bunker1                                  0x00003fb6   Data         180  sprite.o(.constdata)
    Bunker2                                  0x0000406a   Data         180  sprite.o(.constdata)
    Bunker3                                  0x0000411e   Data         180  sprite.o(.constdata)
    Laser0                                   0x000041d2   Data          36  sprite.o(.constdata)
    EnemyLaser0                              0x000041f6   Data          36  sprite.o(.constdata)
    Laser1                                   0x0000421a   Data          36  sprite.o(.constdata)
    Laser2                                   0x0000423e   Data          72  sprite.o(.constdata)
    BigExplosion0                            0x00004286   Data         288  sprite.o(.constdata)
    BigExplosion1                            0x000043a6   Data         288  sprite.o(.constdata)
    SmallExplosion0                          0x000044c6   Data         320  sprite.o(.constdata)
    SmallExplosion1                          0x00004606   Data         320  sprite.o(.constdata)
    Missile0                                 0x00004746   Data          72  sprite.o(.constdata)
    Missile1                                 0x0000478e   Data          72  sprite.o(.constdata)
    Missile2                                 0x000047d6   Data          72  sprite.o(.constdata)
    Region$$Table$$Base                      0x00004828   Number         0  anon$$obj.o(Region$$Table)
    Region$$Table$$Limit                     0x00004848   Number         0  anon$$obj.o(Region$$Table)
    StX                                      0x20000000   Data           4  st7735.o(.data)
    StY                                      0x20000004   Data           4  st7735.o(.data)
    StTextColor                              0x20000008   Data           2  st7735.o(.data)
    Messageindex                             0x20000014   Data           4  st7735.o(.data)
    Ymax                                     0x20000018   Data           4  st7735.o(.data)
    Ymin                                     0x2000001c   Data           4  st7735.o(.data)
    X                                        0x20000020   Data           4  st7735.o(.data)
    Yrange                                   0x20000024   Data           4  st7735.o(.data)
    lastj                                    0x20000028   Data           4  st7735.o(.data)
    m                                        0x2000002c   Data           4  main_game.o(.data)
    result                                   0x20000030   Data           4  main_game.o(.data)
    lastResult                               0x20000034   Data           4  main_game.o(.data)
    currentResult                            0x20000038   Data           4  main_game.o(.data)
    previous                                 0x2000003c   Data           4  main_game.o(.data)
    drawblack                                0x20000040   Data           4  main_game.o(.data)
    sum                                      0x20000044   Data           4  main_game.o(.data)
    counter                                  0x20000048   Data           4  main_game.o(.data)
    a                                        0x2000004c   Data           4  main_game.o(.data)
    b                                        0x20000050   Data           4  main_game.o(.data)
    L                                        0x20000054   Data           4  main_game.o(.data)
    rising_edge                              0x20000058   Data           4  main_game.o(.data)
    button_input                             0x2000005c   Data           4  main_game.o(.data)
    game_status                              0x20000060   Data           4  main_game.o(.data)
    highscore                                0x20000064   Data           4  main_game.o(.data)
    level                                    0x20000068   Data           4  main_game.o(.data)
    lives                                    0x2000006c   Data           4  main_game.o(.data)
    done                                     0x20000070   Data           4  main_game.o(.data)
    ibound                                   0x20000074   Data           4  main_game.o(.data)
    done2                                    0x20000078   Data           4  main_game.o(.data)
    score                                    0x2000007c   Data           4  main_game.o(.data)
    justhit                                  0x20000080   Data           4  main_game.o(.data)
    done3                                    0x20000084   Data           4  main_game.o(.data)
    round1                                   0x20000088   Data           4  main_game.o(.data)
    round2                                   0x2000008c   Data           4  main_game.o(.data)
    round3                                   0x20000090   Data           4  main_game.o(.data)
    thirty_Hz                                0x20000094   Data           4  main_game.o(.data)
    sixty_Hz                                 0x20000098   Data           4  main_game.o(.data)
    game_proc_finished                       0x2000009c   Data           4  main_game.o(.data)
    Flag                                     0x200000a0   Data           4  main_game.o(.data)
    Anyalive                                 0x200000a4   Data           4  main_game.o(.data)
    i                                        0x200000a8   Data           4  main_game.o(.data)
    FrameCount                               0x200000ac   Data           4  main_game.o(.data)
    z                                        0x200000b0   Data           4  display_funcs.o(.data)
    color                                    0x200000b4   Data           8  display_funcs.o(.data)
    done1                                    0x200000bc   Data           4  menu.o(.data)
    g                                        0x200000c0   Data           4  menu.o(.data)
    done4                                    0x200000c4   Data           4  menu.o(.data)
    Enemy                                    0x200000cc   Data        1152  main_game.o(.bss)
    SpaceShip                                0x2000054c   Data          64  main_game.o(.bss)
    spaceshiplaser                           0x2000058c   Data          64  main_game.o(.bss)
    Missile                                  0x200005cc   Data         576  main_game.o(.bss)
    Bunker                                   0x2000080c   Data         192  main_game.o(.bss)
    __initial_sp                             0x20000cd0   Data           0  startup.o(STACK)



==============================================================================

Memory Map of the image

  Image Entry point : 0x0000026d

  Load Region LR_1 (Base: 0x00000000, Size: 0x00004914, Max: 0xffffffff, ABSOLUTE)

    Execution Region ER_RO (Exec base: 0x00000000, Load base: 0x00000000, Size: 0x00004848, Max: 0xffffffff, ABSOLUTE)

    Exec Addr    Load Addr    Size         Type   Attr      Idx    E Section Name        Object

    0x00000000   0x00000000   0x00000284   Code   RO            3  * RESET               startup.o
    0x00000284   0x00000284   0x00000000   Code   RO          731  * .ARM.Collect$$$$00000000  mc_w.l(entry.o)
    0x00000284   0x00000284   0x00000004   Code   RO         1001    .ARM.Collect$$$$00000001  mc_w.l(entry2.o)
    0x00000288   0x00000288   0x00000004   Code   RO         1004    .ARM.Collect$$$$00000004  mc_w.l(entry5.o)
    0x0000028c   0x0000028c   0x00000000   Code   RO         1006    .ARM.Collect$$$$00000008  mc_w.l(entry7b.o)
    0x0000028c   0x0000028c   0x00000000   Code   RO         1008    .ARM.Collect$$$$0000000A  mc_w.l(entry8b.o)
    0x0000028c   0x0000028c   0x00000008   Code   RO         1009    .ARM.Collect$$$$0000000B  mc_w.l(entry9a.o)
    0x00000294   0x00000294   0x00000004   Code   RO         1016    .ARM.Collect$$$$0000000E  mc_w.l(entry12b.o)
    0x00000298   0x00000298   0x00000000   Code   RO         1011    .ARM.Collect$$$$0000000F  mc_w.l(entry10a.o)
    0x00000298   0x00000298   0x00000000   Code   RO         1013    .ARM.Collect$$$$00000011  mc_w.l(entry11a.o)
    0x00000298   0x00000298   0x00000004   Code   RO         1002    .ARM.Collect$$$$00002712  mc_w.l(entry2.o)
    0x0000029c   0x0000029c   0x0000001c   Code   RO            4    .text               startup.o
    0x000002b8   0x000002b8   0x00000040   Code   RO          495    .text               random.o
    0x000002f8   0x000002f8   0x00000024   Code   RO          734    .text               mc_w.l(memcpya.o)
    0x0000031c   0x0000031c   0x0000000e   Code   RO          736    .text               mc_w.l(strlen.o)
    0x0000032a   0x0000032a   0x0000002c   Code   RO         1018    .text               mc_w.l(uidiv.o)
    0x00000356   0x00000356   0x00000002   PAD
    0x00000358   0x00000358   0x00000024   Code   RO         1033    .text               mc_w.l(init.o)
    0x0000037c   0x0000037c   0x0000002c   Code   RO          510    i.ADC0_InSeq3       adcswtrigger.o
    0x000003a8   0x000003a8   0x000000d8   Code   RO          511    i.ADC0_InitSWTriggerSeq3_Ch1  adcswtrigger.o
    0x00000480   0x00000480   0x00000074   Code   RO          310    i.Button_Init_portE  main_game.o
    0x000004f4   0x000004f4   0x00000068   Code   RO          528    i.Clear             display_funcs.o
    0x0000055c   0x0000055c   0x00000020   Code   RO           34    i.Delay1ms          st7735.o
    0x0000057c   0x0000057c   0x00000020   Code   RO          311    i.DelayWait10ms     main_game.o
    0x0000059c   0x0000059c   0x00000020   Code   RO          530    i.Delay_10ms        display_funcs.o
    0x000005bc   0x000005bc   0x00000046   Code   RO          533    i.Draw_Black_Text_Delayed_10ms  display_funcs.o
    0x00000602   0x00000602   0x00000046   Code   RO          534    i.Draw_Black_Text_Delayed_10ms1  display_funcs.o
    0x00000648   0x00000648   0x00000042   Code   RO          535    i.Draw_Text         display_funcs.o
    0x0000068a   0x0000068a   0x00000002   PAD
    0x0000068c   0x0000068c   0x00000070   Code   RO          536    i.Draw_Text_Colorful  display_funcs.o
    0x000006fc   0x000006fc   0x00000044   Code   RO          537    i.Draw_Text_Delayed_10ms  display_funcs.o
    0x00000740   0x00000740   0x0000001c   Code   RO          538    i.Draw_White_Text   display_funcs.o
    0x0000075c   0x0000075c   0x00000024   Code   RO          539    i.Draw_White_Text_Delayed_10ms  display_funcs.o
    0x00000780   0x00000780   0x00000068   Code   RO          312    i.GameDraw          main_game.o
    0x000007e8   0x000007e8   0x000003a4   Code   RO          313    i.GameInit          main_game.o
    0x00000b8c   0x00000b8c   0x00000048   Code   RO          314    i.GameMove          main_game.o
    0x00000bd4   0x00000bd4   0x00000080   Code   RO          612    i.GameOver_Menu     menu.o
    0x00000c54   0x00000c54   0x00000170   Code   RO          614    i.GameOver_Menu_Win  menu.o
    0x00000dc4   0x00000dc4   0x000000d8   Code   RO          693    i.Hud_Ingame        hud.o
    0x00000e9c   0x00000e9c   0x0000007c   Code   RO          694    i.Hud_Menu          hud.o
    0x00000f18   0x00000f18   0x0000001e   Code   RO          615    i.Menu              menu.o
    0x00000f36   0x00000f36   0x0000000a   Code   RO          616    i.Menu_Clear        menu.o
    0x00000f40   0x00000f40   0x00000010   Code   RO           37    i.Output_Init       st7735.o
    0x00000f50   0x00000f50   0x0000007c   Code   RO           12    i.PLL_Init          pll.o
    0x00000fcc   0x00000fcc   0x00000028   Code   RO          316    i.Player_Ship_Clear  main_game.o
    0x00000ff4   0x00000ff4   0x00000120   Code   RO           41    i.ST7735_DrawBitmap  st7735.o
    0x00001114   0x00001114   0x000000f8   Code   RO           43    i.ST7735_DrawCharS  st7735.o
    0x0000120c   0x0000120c   0x00000048   Code   RO           46    i.ST7735_DrawPixel  st7735.o
    0x00001254   0x00001254   0x000000ac   Code   RO           48    i.ST7735_FillRect   st7735.o
    0x00001300   0x00001300   0x00000024   Code   RO           49    i.ST7735_FillScreen  st7735.o
    0x00001324   0x00001324   0x0000007c   Code   RO           51    i.ST7735_InitR      st7735.o
    0x000013a0   0x000013a0   0x00000020   Code   RO           64    i.ST7735_SetCursor  st7735.o
    0x000013c0   0x000013c0   0x00000038   Code   RO          317    i.Shoot             main_game.o
    0x000013f8   0x000013f8   0x00000104   Code   RO          617    i.Start_Menu        menu.o
    0x000014fc   0x000014fc   0x000003b0   Code   RO          318    i.SysTick_Handler   main_game.o
    0x000018ac   0x000018ac   0x00000038   Code   RO          319    i.SysTick_Init      main_game.o
    0x000018e4   0x000018e4   0x00000028   Code   RO          787    i.__0sprintf$1      mc_w.l(printf1.o)
    0x0000190c   0x0000190c   0x0000000e   Code   RO         1045    i.__scatterload_copy  mc_w.l(handlers.o)
    0x0000191a   0x0000191a   0x00000002   Code   RO         1046    i.__scatterload_null  mc_w.l(handlers.o)
    0x0000191c   0x0000191c   0x0000000e   Code   RO         1047    i.__scatterload_zeroinit  mc_w.l(handlers.o)
    0x0000192a   0x0000192a   0x00000002   PAD
    0x0000192c   0x0000192c   0x00000154   Code   RO          792    i._printf_core      mc_w.l(printf1.o)
    0x00001a80   0x00001a80   0x0000000a   Code   RO          794    i._sputc            mc_w.l(printf1.o)
    0x00001a8a   0x00001a8a   0x00000002   PAD
    0x00001a8c   0x00001a8c   0x0000001c   Code   RO          320    i.button_logic      main_game.o
    0x00001aa8   0x00001aa8   0x00000056   Code   RO           68    i.commandList       st7735.o
    0x00001afe   0x00001afe   0x00000002   PAD
    0x00001b00   0x00001b00   0x00000188   Code   RO           69    i.commonInit        st7735.o
    0x00001c88   0x00001c88   0x00000108   Code   RO          321    i.drawBunkers       main_game.o
    0x00001d90   0x00001d90   0x0000012c   Code   RO          322    i.drawEnemys        main_game.o
    0x00001ebc   0x00001ebc   0x00000080   Code   RO          323    i.drawLasers        main_game.o
    0x00001f3c   0x00001f3c   0x00000374   Code   RO          324    i.drawMissiles      main_game.o
    0x000022b0   0x000022b0   0x00000164   Code   RO          325    i.enemyHit          main_game.o
    0x00002414   0x00002414   0x000000bc   Code   RO          326    i.main              main_game.o
    0x000024d0   0x000024d0   0x0000018c   Code   RO          327    i.moveEnemys        main_game.o
    0x0000265c   0x0000265c   0x00000038   Code   RO          328    i.moveLasers        main_game.o
    0x00002694   0x00002694   0x00000278   Code   RO          329    i.moveMissiles      main_game.o
    0x0000290c   0x0000290c   0x0000003c   Code   RO          330    i.moveSpaceShip     main_game.o
    0x00002948   0x00002948   0x00000048   Code   RO          331    i.processbutton     main_game.o
    0x00002990   0x00002990   0x00000012   Code   RO           74    i.pushColor         st7735.o
    0x000029a2   0x000029a2   0x00000002   PAD
    0x000029a4   0x000029a4   0x00000074   Code   RO           75    i.setAddrWindow     st7735.o
    0x00002a18   0x00002a18   0x0000002c   Code   RO          332    i.slide_meter       main_game.o
    0x00002a44   0x00002a44   0x00000030   Code   RO           76    i.writecommand      st7735.o
    0x00002a74   0x00002a74   0x00000024   Code   RO           77    i.writedata         st7735.o
    0x00002a98   0x00002a98   0x000007e2   Data   RO           79    .constdata          st7735.o
    0x0000327a   0x0000327a   0x000015a4   Data   RO          498    .constdata          sprite.o
    0x0000481e   0x0000481e   0x00000002   PAD
    0x00004820   0x00004820   0x00000008   Data   RO          621    .constdata          menu.o
    0x00004828   0x00004828   0x00000020   Data   RO         1043    Region$$Table       anon$$obj.o


    Execution Region ER_RW (Exec base: 0x20000000, Load base: 0x00004848, Size: 0x000000cc, Max: 0xffffffff, ABSOLUTE)

    Exec Addr    Load Addr    Size         Type   Attr      Idx    E Section Name        Object

    0x20000000   0x00004848   0x0000002c   Data   RW           80    .data               st7735.o
    0x2000002c   0x00004874   0x00000084   Data   RW          334    .data               main_game.o
    0x200000b0   0x000048f8   0x0000000c   Data   RW          540    .data               display_funcs.o
    0x200000bc   0x00004904   0x0000000c   Data   RW          622    .data               menu.o
    0x200000c8   0x00004910   0x00000004   Data   RW          494    DATA                random.o


    Execution Region ER_ZI (Exec base: 0x200000cc, Load base: 0x00004914, Size: 0x00000c04, Max: 0xffffffff, ABSOLUTE)

    Exec Addr    Load Addr    Size         Type   Attr      Idx    E Section Name        Object

    0x200000cc        -       0x00000800   Zero   RW          333    .bss                main_game.o
    0x200008cc   0x00004914   0x00000004   PAD
    0x200008d0        -       0x00000400   Zero   RW            1    STACK               startup.o


==============================================================================

Image component sizes


      Code (inc. data)   RO Data    RW Data    ZI Data      Debug   Object Name

       260         30          0          0          0       1119   adcswtrigger.o
       586          6          0         12          0       7145   display_funcs.o
       340         46          0          0          0       1700   hud.o
      5760        424          0        132       2048      16501   main_game.o
       796        136          8         12          0       3469   menu.o
       124          4          0          0          0       4967   pll.o
        64         14          0          4          0        240   random.o
         0          0       5540          0          0       1738   sprite.o
      1716        166       2018         44          0      13476   st7735.o
       672        622          0          0       1024       1020   startup.o

    ----------------------------------------------------------------------
     10324       1448       7600        204       3076      51375   Object Totals
         0          0         32          0          0          0   (incl. Generated)
         6          0          2          0          4          0   (incl. Padding)

    ----------------------------------------------------------------------

      Code (inc. data)   RO Data    RW Data    ZI Data      Debug   Library Member Name

         0          0          0          0          0          0   entry.o
         0          0          0          0          0          0   entry10a.o
         0          0          0          0          0          0   entry11a.o
         4          0          0          0          0          0   entry12b.o
         8          4          0          0          0          0   entry2.o
         4          0          0          0          0          0   entry5.o
         0          0          0          0          0          0   entry7b.o
         0          0          0          0          0          0   entry8b.o
         8          4          0          0          0          0   entry9a.o
        30          0          0          0          0          0   handlers.o
        36          8          0          0          0         68   init.o
        36          0          0          0          0         68   memcpya.o
       390         10          0          0          0        252   printf1.o
        14          0          0          0          0         68   strlen.o
        44          0          0          0          0         80   uidiv.o

    ----------------------------------------------------------------------
       580         26          0          0          0        536   Library Totals
         6          0          0          0          0          0   (incl. Padding)

    ----------------------------------------------------------------------

      Code (inc. data)   RO Data    RW Data    ZI Data      Debug   Library Name

       574         26          0          0          0        536   mc_w.l

    ----------------------------------------------------------------------
       580         26          0          0          0        536   Library Totals

    ----------------------------------------------------------------------

==============================================================================


      Code (inc. data)   RO Data    RW Data    ZI Data      Debug   

     10904       1474       7600        204       3076      46859   Grand Totals
     10904       1474       7600        204       3076      46859   ELF Image Totals
     10904       1474       7600        204          0          0   ROM Totals

==============================================================================

    Total RO  Size (Code + RO Data)                18504 (  18.07kB)
    Total RW  Size (RW Data + ZI Data)              3280 (   3.20kB)
    Total ROM Size (Code + RO Data + RW Data)      18708 (  18.27kB)

==============================================================================

